Component: ARM Compiler 5.06 update 1 (build 61) Tool: armlink [4d35a8]

==============================================================================

Section Cross References

    main.o(i.advertising_init) refers to memseta.o(.text) for __aeabi_memclr4
    main.o(i.advertising_init) refers to ble_advertising.o(i.ble_advertising_init) for ble_advertising_init
    main.o(i.advertising_init) refers to app_error.o(i.app_error_handler_bare) for app_error_handler_bare
    main.o(i.advertising_init) refers to main.o(.constdata) for .constdata
    main.o(i.advertising_init) refers to main.o(.bss) for .bss
    main.o(i.advertising_init) refers to main.o(.data) for .data
    main.o(i.advertising_init) refers to main.o(i.on_adv_evt) for on_adv_evt
    main.o(i.assert_nrf_callback) refers to app_error.o(i.app_error_handler) for app_error_handler
    main.o(i.ble_evt_dispatch) refers to device_manager_peripheral.o(i.dm_ble_evt_handler) for dm_ble_evt_handler
    main.o(i.ble_evt_dispatch) refers to ble_conn_params.o(i.ble_conn_params_on_ble_evt) for ble_conn_params_on_ble_evt
    main.o(i.ble_evt_dispatch) refers to bsp_btn_ble.o(i.bsp_btn_ble_on_ble_evt) for bsp_btn_ble_on_ble_evt
    main.o(i.ble_evt_dispatch) refers to bsp.o(i.bsp_indication_set) for bsp_indication_set
    main.o(i.ble_evt_dispatch) refers to app_error.o(i.app_error_handler_bare) for app_error_handler_bare
    main.o(i.ble_evt_dispatch) refers to app_button.o(i.app_button_enable) for app_button_enable
    main.o(i.ble_evt_dispatch) refers to app_button.o(i.app_button_disable) for app_button_disable
    main.o(i.ble_evt_dispatch) refers to ble_advertising.o(i.ble_advertising_start) for ble_advertising_start
    main.o(i.ble_evt_dispatch) refers to ble_advertising.o(i.ble_advertising_on_ble_evt) for ble_advertising_on_ble_evt
    main.o(i.ble_evt_dispatch) refers to ble_ais.o(i.ble_ais_on_ble_evt) for ble_ais_on_ble_evt
    main.o(i.ble_evt_dispatch) refers to main.o(.data) for .data
    main.o(i.ble_evt_dispatch) refers to main.o(.bss) for .bss
    main.o(i.ble_stack_init) refers to softdevice_handler.o(i.softdevice_handler_init) for softdevice_handler_init
    main.o(i.ble_stack_init) refers to app_error.o(i.app_error_handler_bare) for app_error_handler_bare
    main.o(i.ble_stack_init) refers to softdevice_handler.o(i.softdevice_enable_get_default_config) for softdevice_enable_get_default_config
    main.o(i.ble_stack_init) refers to softdevice_handler.o(i.sd_check_ram_start) for sd_check_ram_start
    main.o(i.ble_stack_init) refers to softdevice_handler.o(i.softdevice_enable) for softdevice_enable
    main.o(i.ble_stack_init) refers to softdevice_handler.o(i.softdevice_ble_evt_handler_set) for softdevice_ble_evt_handler_set
    main.o(i.ble_stack_init) refers to softdevice_handler.o(i.softdevice_sys_evt_handler_set) for softdevice_sys_evt_handler_set
    main.o(i.ble_stack_init) refers to main.o(.bss) for .bss
    main.o(i.ble_stack_init) refers to main.o(i.ble_evt_dispatch) for ble_evt_dispatch
    main.o(i.ble_stack_init) refers to main.o(i.sys_evt_dispatch) for sys_evt_dispatch
    main.o(i.bsp_event_handler) refers to main.o(i.sleep_mode_enter) for sleep_mode_enter
    main.o(i.bsp_event_handler) refers to app_error.o(i.app_error_handler_bare) for app_error_handler_bare
    main.o(i.bsp_event_handler) refers to ble_advertising.o(i.ble_advertising_restart_without_whitelist) for ble_advertising_restart_without_whitelist
    main.o(i.bsp_event_handler) refers to main.o(.data) for .data
    main.o(i.conn_params_error_handler) refers to app_error.o(i.app_error_handler_bare) for app_error_handler_bare
    main.o(i.data_send) refers to ble_ais.o(i.ble_ais_data_send) for ble_ais_data_send
    main.o(i.data_send) refers to main.o(.data) for .data
    main.o(i.data_send) refers to main.o(.bss) for .bss
    main.o(i.device_manager_evt_handler) refers to app_error.o(i.app_error_handler_bare) for app_error_handler_bare
    main.o(i.device_manager_init) refers to pstorage.o(i.pstorage_init) for pstorage_init
    main.o(i.device_manager_init) refers to app_error.o(i.app_error_handler_bare) for app_error_handler_bare
    main.o(i.device_manager_init) refers to device_manager_peripheral.o(i.dm_init) for dm_init
    main.o(i.device_manager_init) refers to device_manager_peripheral.o(i.dm_register) for dm_register
    main.o(i.device_manager_init) refers to main.o(i.device_manager_evt_handler) for device_manager_evt_handler
    main.o(i.device_manager_init) refers to main.o(.data) for .data
    main.o(i.main) refers to app_timer.o(i.app_timer_init) for app_timer_init
    main.o(i.main) refers to app_error.o(i.app_error_handler_bare) for app_error_handler_bare
    main.o(i.main) refers to bsp.o(i.bsp_init) for bsp_init
    main.o(i.main) refers to bsp_btn_ble.o(i.bsp_btn_ble_init) for bsp_btn_ble_init
    main.o(i.main) refers to main.o(i.ble_stack_init) for ble_stack_init
    main.o(i.main) refers to main.o(i.device_manager_init) for device_manager_init
[...]
    i.GPIOTE_IRQHandler                      0x0001b538   Section        0  nrf_drv_gpiote.o(i.GPIOTE_IRQHandler)
    i.NVIC_ClearPendingIRQ                   0x0001b63c   Section        0  app_timer.o(i.NVIC_ClearPendingIRQ)
    NVIC_ClearPendingIRQ                     0x0001b63d   Thumb Code    22  app_timer.o(i.NVIC_ClearPendingIRQ)
    i.NVIC_EnableIRQ                         0x0001b652   Section        0  app_timer.o(i.NVIC_EnableIRQ)
    NVIC_EnableIRQ                           0x0001b653   Thumb Code    22  app_timer.o(i.NVIC_EnableIRQ)
    i.NVIC_SetPendingIRQ                     0x0001b668   Section        0  app_timer.o(i.NVIC_SetPendingIRQ)
    NVIC_SetPendingIRQ                       0x0001b669   Thumb Code    22  app_timer.o(i.NVIC_SetPendingIRQ)
    i.NVIC_SetPriority                       0x0001b67e   Section        0  app_timer.o(i.NVIC_SetPriority)
    NVIC_SetPriority                         0x0001b67f   Thumb Code    32  app_timer.o(i.NVIC_SetPriority)
    i.RTC1_IRQHandler                        0x0001b6a0   Section        0  app_timer.o(i.RTC1_IRQHandler)
    i.SWI0_EGU0_IRQHandler                   0x0001b6c4   Section        0  app_timer.o(i.SWI0_EGU0_IRQHandler)
    i.SWI2_EGU2_IRQHandler                   0x0001b6c8   Section        0  softdevice_handler.o(i.SWI2_EGU2_IRQHandler)
    i.SystemInit                             0x0001b6ec   Section        0  system_nrf52.o(i.SystemInit)
    i.UARTE0_UART0_IRQHandler                0x0001b948   Section        0  nrf_drv_uart.o(i.UARTE0_UART0_IRQHandler)
    i.__scatterload_copy                     0x0001b95c   Section       14  handlers.o(i.__scatterload_copy)
    i.__scatterload_null                     0x0001b96a   Section        2  handlers.o(i.__scatterload_null)
    i.__scatterload_zeroinit                 0x0001b96c   Section       14  handlers.o(i.__scatterload_zeroinit)
    i.adv_data_encode                        0x0001b97a   Section        0  ble_advdata.o(i.adv_data_encode)
    i.advertising_buttons_configure          0x0001bb7c   Section        0  bsp_btn_ble.o(i.advertising_buttons_configure)
    advertising_buttons_configure            0x0001bb7d   Thumb Code    54  bsp_btn_ble.o(i.advertising_buttons_configure)
    i.advertising_init                       0x0001bbb4   Section        0  main.o(i.advertising_init)
    advertising_init                         0x0001bbb5   Thumb Code   118  main.o(i.advertising_init)
    i.alert_timer_handler                    0x0001bc3c   Section        0  bsp.o(i.alert_timer_handler)
    alert_timer_handler                      0x0001bc3d   Thumb Code    26  bsp.o(i.alert_timer_handler)
    i.app_button_disable                     0x0001bc5c   Section        0  app_button.o(i.app_button_disable)
    i.app_button_enable                      0x0001bc8c   Section        0  app_button.o(i.app_button_enable)
    i.app_button_init                        0x0001bcb0   Section        0  app_button.o(i.app_button_init)
    i.app_error_fault_handler                0x0001bd20   Section        0  app_error.o(i.app_error_fault_handler)
    i.app_error_handler_bare                 0x0001bd44   Section        0  app_error.o(i.app_error_handler_bare)
    i.app_evt_notify                         0x0001bd58   Section        0  device_manager_peripheral.o(i.app_evt_notify)
    app_evt_notify                           0x0001bd59   Thumb Code     6  device_manager_peripheral.o(i.app_evt_notify)
    i.app_notify                             0x0001bd64   Section        0  pstorage.o(i.app_notify)
    app_notify                               0x0001bd65   Thumb Code    36  pstorage.o(i.app_notify)
    i.app_notify_error_state_transit         0x0001bd90   Section        0  pstorage.o(i.app_notify_error_state_transit)
    app_notify_error_state_transit           0x0001bd91   Thumb Code    30  pstorage.o(i.app_notify_error_state_transit)
    i.app_timer_create                       0x0001bdb4   Section        0  app_timer.o(i.app_timer_create)
    i.app_timer_init                         0x0001bdd8   Section        0  app_timer.o(i.app_timer_init)
    i.app_timer_start                        0x0001be68   Section        0  app_timer.o(i.app_timer_start)
    i.app_timer_stop                         0x0001bee8   Section        0  app_timer.o(i.app_timer_stop)
    i.ble_advdata_set                        0x0001bf38   Section        0  ble_advdata.o(i.ble_advdata_set)
    i.ble_advertising_init                   0x0001bfa0   Section        0  ble_advertising.o(i.ble_advertising_init)
    i.ble_advertising_on_ble_evt             0x0001c0bc   Section        0  ble_advertising.o(i.ble_advertising_on_ble_evt)
    i.ble_advertising_on_sys_evt             0x0001c13c   Section        0  ble_advertising.o(i.ble_advertising_on_sys_evt)
    i.ble_advertising_peer_address_clear     0x0001c170   Section        0  ble_advertising.o(i.ble_advertising_peer_address_clear)
    ble_advertising_peer_address_clear       0x0001c171   Thumb Code    12  ble_advertising.o(i.ble_advertising_peer_address_clear)
    i.ble_advertising_restart_without_whitelist 0x0001c180   Section        0  ble_advertising.o(i.ble_advertising_restart_without_whitelist)
    i.ble_advertising_start                  0x0001c1b8   Section        0  ble_advertising.o(i.ble_advertising_start)
    i.ble_ais_data_send                      0x0001c390   Section        0  ble_ais.o(i.ble_ais_data_send)
    i.ble_ais_init                           0x0001c3c0   Section        0  ble_ais.o(i.ble_ais_init)
    i.ble_ais_on_ble_evt                     0x0001c418   Section        0  ble_ais.o(i.ble_ais_on_ble_evt)
    i.ble_conn_params_init                   0x0001c430   Section        0  ble_conn_params.o(i.ble_conn_params_init)
    i.ble_conn_params_on_ble_evt             0x0001c488   Section        0  ble_conn_params.o(i.ble_conn_params_on_ble_evt)
    i.ble_device_addr_encode                 0x0001c514   Section        0  ble_advdata.o(i.ble_device_addr_encode)
    ble_device_addr_encode                   0x0001c515   Thumb Code    94  ble_advdata.o(i.ble_device_addr_encode)
    i.ble_evt_dispatch                       0x0001c574   Section        0  main.o(i.ble_evt_dispatch)
    ble_evt_dispatch                         0x0001c575   Thumb Code   112  main.o(i.ble_evt_dispatch)
    i.ble_stack_init                         0x0001c5ec   Section        0  main.o(i.ble_stack_init)
    ble_stack_init                           0x0001c5ed   Thumb Code    92  main.o(i.ble_stack_init)
    i.bond_data_load                         0x0001c658   Section        0  device_manager_peripheral.o(i.bond_data_load)
    i.bsp_btn_ble_init                       0x0001c6a0   Section        0  bsp_btn_ble.o(i.bsp_btn_ble_init)
    i.bsp_btn_ble_on_ble_evt                 0x0001c6ec   Section        0  bsp_btn_ble.o(i.bsp_btn_ble_on_ble_evt)
    i.bsp_btn_ble_sleep_mode_prepare         0x0001c75c   Section        0  bsp_btn_ble.o(i.bsp_btn_ble_sleep_mode_prepare)
    i.bsp_button_event_handler               0x0001c770   Section        0  bsp.o(i.bsp_button_event_handler)
    bsp_button_event_handler                 0x0001c771   Thumb Code   154  bsp.o(i.bsp_button_event_handler)
    i.bsp_button_is_pressed                  0x0001c818   Section        0  bsp.o(i.bsp_button_is_pressed)
    i.bsp_event_handler                      0x0001c844   Section        0  main.o(i.bsp_event_handler)
    i.bsp_event_to_button_action_assign      0x0001c880   Section        0  bsp.o(i.bsp_event_to_button_action_assign)
    i.bsp_indication_set                     0x0001c8c4   Section        0  bsp.o(i.bsp_indication_set)
    i.bsp_init                               0x0001c8dc   Section        0  bsp.o(i.bsp_init)
    i.bsp_led_indication                     0x0001c980   Section        0  bsp.o(i.bsp_led_indication)
    bsp_led_indication                       0x0001c981   Thumb Code   536  bsp.o(i.bsp_led_indication)
    i.bsp_wakeup_buttons_set                 0x0001cba4   Section        0  bsp.o(i.bsp_wakeup_buttons_set)
    i.button_timer_handler                   0x0001cbe0   Section        0  bsp.o(i.button_timer_handler)
    button_timer_handler                     0x0001cbe1   Thumb Code     8  bsp.o(i.button_timer_handler)
    i.channel_free                           0x0001cbe8   Section        0  nrf_drv_gpiote.o(i.channel_free)
    channel_free                             0x0001cbe9   Thumb Code    22  nrf_drv_gpiote.o(i.channel_free)
    i.channel_port_alloc                     0x0001cc04   Section        0  nrf_drv_gpiote.o(i.channel_port_alloc)
    channel_port_alloc                       0x0001cc05   Thumb Code    66  nrf_drv_gpiote.o(i.channel_port_alloc)
    i.channel_port_get                       0x0001cc4c   Section        0  nrf_drv_gpiote.o(i.channel_port_get)
    channel_port_get                         0x0001cc4d   Thumb Code    10  nrf_drv_gpiote.o(i.channel_port_get)
    i.clear_operation_execute                0x0001cc5c   Section        0  pstorage.o(i.clear_operation_execute)
    clear_operation_execute                  0x0001cc5d   Thumb Code   244  pstorage.o(i.clear_operation_execute)
    i.clear_post_processing_run              0x0001cd58   Section        0  pstorage.o(i.clear_post_processing_run)
    clear_post_processing_run                0x0001cd59   Thumb Code    28  pstorage.o(i.clear_post_processing_run)
    i.cmd_process                            0x0001cd78   Section        0  pstorage.o(i.cmd_process)
    cmd_process                              0x0001cd79   Thumb Code    44  pstorage.o(i.cmd_process)
    i.cmd_queue_element_init                 0x0001cdac   Section        0  pstorage.o(i.cmd_queue_element_init)
    cmd_queue_element_init                   0x0001cdad   Thumb Code    28  pstorage.o(i.cmd_queue_element_init)
    i.cmd_queue_enqueue                      0x0001cdcc   Section        0  pstorage.o(i.cmd_queue_enqueue)
    cmd_queue_enqueue                        0x0001cdcd   Thumb Code    74  pstorage.o(i.cmd_queue_enqueue)
    i.command_end_procedure_run              0x0001ce20   Section        0  pstorage.o(i.command_end_procedure_run)
    command_end_procedure_run                0x0001ce21   Thumb Code    60  pstorage.o(i.command_end_procedure_run)
    i.compare_reg_update                     0x0001ce60   Section        0  app_timer.o(i.compare_reg_update)
    compare_reg_update                       0x0001ce61   Thumb Code   160  app_timer.o(i.compare_reg_update)
    i.conn_int_encode                        0x0001cf0c   Section        0  ble_advdata.o(i.conn_int_encode)
    conn_int_encode                          0x0001cf0d   Thumb Code   136  ble_advdata.o(i.conn_int_encode)
    i.conn_params_error_handler              0x0001cf94   Section        0  main.o(i.conn_params_error_handler)
    conn_params_error_handler                0x0001cf95   Thumb Code     4  main.o(i.conn_params_error_handler)
    i.conn_params_negotiation                0x0001cf98   Section        0  ble_conn_params.o(i.conn_params_negotiation)
    conn_params_negotiation                  0x0001cf99   Thumb Code    78  ble_conn_params.o(i.conn_params_negotiation)
    i.connection_instance_find               0x0001cff4   Section        0  device_manager_peripheral.o(i.connection_instance_find)
    connection_instance_find                 0x0001cff5   Thumb Code    40  device_manager_peripheral.o(i.connection_instance_find)
    i.connection_instance_init               0x0001d020   Section        0  device_manager_peripheral.o(i.connection_instance_init)
    connection_instance_init                 0x0001d021   Thumb Code    34  device_manager_peripheral.o(i.connection_instance_init)
    i.data_char_add                          0x0001d048   Section        0  ble_ais.o(i.data_char_add)
    data_char_add                            0x0001d049   Thumb Code   208  ble_ais.o(i.data_char_add)
    i.data_page_erase_state_run              0x0001d118   Section        0  pstorage.o(i.data_page_erase_state_run)
    data_page_erase_state_run                0x0001d119   Thumb Code    80  pstorage.o(i.data_page_erase_state_run)
    i.data_send                              0x0001d16c   Section        0  main.o(i.data_send)
    data_send                                0x0001d16d   Thumb Code    70  main.o(i.data_send)
    i.data_to_swap_write_state_run           0x0001d1bc   Section        0  pstorage.o(i.data_to_swap_write_state_run)
    data_to_swap_write_state_run             0x0001d1bd   Thumb Code    28  pstorage.o(i.data_to_swap_write_state_run)
    i.detection_delay_timeout_handler        0x0001d1dc   Section        0  app_button.o(i.detection_delay_timeout_handler)
    detection_delay_timeout_handler          0x0001d1dd   Thumb Code    92  app_button.o(i.detection_delay_timeout_handler)
    i.device_context_store                   0x0001d23c   Section        0  device_manager_peripheral.o(i.device_context_store)
    device_context_store                     0x0001d23d   Thumb Code   162  device_manager_peripheral.o(i.device_context_store)
    i.device_instance_find                   0x0001d2fc   Section        0  device_manager_peripheral.o(i.device_instance_find)
    device_instance_find                     0x0001d2fd   Thumb Code    66  device_manager_peripheral.o(i.device_instance_find)
    i.device_instance_free                   0x0001d344   Section        0  device_manager_peripheral.o(i.device_instance_free)
    device_instance_free                     0x0001d345   Thumb Code    40  device_manager_peripheral.o(i.device_instance_free)
    i.device_manager_evt_handler             0x0001d370   Section        0  main.o(i.device_manager_evt_handler)
    device_manager_evt_handler               0x0001d371   Thumb Code    14  main.o(i.device_manager_evt_handler)
    i.device_manager_init                    0x0001d380   Section        0  main.o(i.device_manager_init)
    device_manager_init                      0x0001d381   Thumb Code   100  main.o(i.device_manager_init)
    i.dm_ble_evt_handler                     0x0001d3ec   Section        0  device_manager_peripheral.o(i.dm_ble_evt_handler)
    i.dm_handle_initialize                   0x0001d844   Section        0  device_manager_peripheral.o(i.dm_handle_initialize)
    i.dm_init                                0x0001d85c   Section        0  device_manager_peripheral.o(i.dm_init)
    i.dm_pstorage_cb_handler                 0x0001d924   Section        0  device_manager_peripheral.o(i.dm_pstorage_cb_handler)
    dm_pstorage_cb_handler                   0x0001d925   Thumb Code   378  device_manager_peripheral.o(i.dm_pstorage_cb_handler)
    i.dm_register                            0x0001dab0   Section        0  device_manager_peripheral.o(i.dm_register)
    i.elapsed_ticks_acquire                  0x0001db18   Section        0  app_timer.o(i.elapsed_ticks_acquire)
    elapsed_ticks_acquire                    0x0001db19   Thumb Code    58  app_timer.o(i.elapsed_ticks_acquire)
    i.evt_write_handler                      0x0001db58   Section        0  main.o(i.evt_write_handler)
    evt_write_handler                        0x0001db59   Thumb Code     2  main.o(i.evt_write_handler)
    i.flash_api_err_code_process             0x0001db5c   Section        0  pstorage.o(i.flash_api_err_code_process)
    flash_api_err_code_process               0x0001db5d   Thumb Code    24  pstorage.o(i.flash_api_err_code_process)
    i.flash_operation_success_run            0x0001db78   Section        0  pstorage.o(i.flash_operation_success_run)
    flash_operation_success_run              0x0001db79   Thumb Code   126  pstorage.o(i.flash_operation_success_run)
    i.flash_page_erase                       0x0001dc04   Section        0  pstorage.o(i.flash_page_erase)
    flash_page_erase                         0x0001dc05   Thumb Code     6  pstorage.o(i.flash_page_erase)
    i.flash_write                            0x0001dc0a   Section        0  pstorage.o(i.flash_write)
    flash_write                              0x0001dc0b   Thumb Code     6  pstorage.o(i.flash_write)
    i.gattc_context_apply                    0x0001dc10   Section        0  device_manager_peripheral.o(i.gattc_context_apply)
    gattc_context_apply                      0x0001dc11   Thumb Code     4  device_manager_peripheral.o(i.gattc_context_apply)
    i.gattc_context_load                     0x0001dc14   Section        0  device_manager_peripheral.o(i.gattc_context_load)
    gattc_context_load                       0x0001dc15   Thumb Code     4  device_manager_peripheral.o(i.gattc_context_load)
    i.gattc_context_store                    0x0001dc18   Section        0  device_manager_peripheral.o(i.gattc_context_store)
    gattc_context_store                      0x0001dc19   Thumb Code     4  device_manager_peripheral.o(i.gattc_context_store)
    i.gatts_context_apply                    0x0001dc1c   Section        0  device_manager_peripheral.o(i.gatts_context_apply)
    gatts_context_apply                      0x0001dc1d   Thumb Code   172  device_manager_peripheral.o(i.gatts_context_apply)
    i.gatts_context_load                     0x0001dccc   Section        0  device_manager_peripheral.o(i.gatts_context_load)
    gatts_context_load                       0x0001dccd   Thumb Code    50  device_manager_peripheral.o(i.gatts_context_load)
    i.gatts_context_store                    0x0001dd04   Section        0  device_manager_peripheral.o(i.gatts_context_store)
    gatts_context_store                      0x0001dd05   Thumb Code   186  device_manager_peripheral.o(i.gatts_context_store)
    i.gattsc_context_apply                   0x0001ddcc   Section        0  device_manager_peripheral.o(i.gattsc_context_apply)
    gattsc_context_apply                     0x0001ddcd   Thumb Code     4  device_manager_peripheral.o(i.gattsc_context_apply)
    i.gattsc_context_load                    0x0001ddd0   Section        0  device_manager_peripheral.o(i.gattsc_context_load)
    gattsc_context_load                      0x0001ddd1   Thumb Code     4  device_manager_peripheral.o(i.gattsc_context_load)
    i.gattsc_context_store                   0x0001ddd4   Section        0  device_manager_peripheral.o(i.gattsc_context_store)
    gattsc_context_store                     0x0001ddd5   Thumb Code     4  device_manager_peripheral.o(i.gattsc_context_store)
    i.gpiote_event_handler                   0x0001ddd8   Section        0  app_button.o(i.gpiote_event_handler)
    gpiote_event_handler                     0x0001ddd9   Thumb Code    78  app_button.o(i.gpiote_event_handler)
    i.head_restore_state_run                 0x0001de30   Section        0  pstorage.o(i.head_restore_state_run)
    head_restore_state_run                   0x0001de31   Thumb Code   110  pstorage.o(i.head_restore_state_run)
    i.intern_softdevice_events_execute       0x0001dea8   Section        0  softdevice_handler.o(i.intern_softdevice_events_execute)
    i.is_conn_params_ok                      0x0001df18   Section        0  ble_conn_params.o(i.is_conn_params_ok)
    is_conn_params_ok                        0x0001df19   Thumb Code    24  ble_conn_params.o(i.is_conn_params_ok)
    i.is_page_erase_required                 0x0001df34   Section        0  pstorage.o(i.is_page_erase_required)
    is_page_erase_required                   0x0001df35   Thumb Code    60  pstorage.o(i.is_page_erase_required)
    i.is_word_aligned                        0x0001df78   Section        0  pstorage.o(i.is_word_aligned)
    is_word_aligned                          0x0001df79   Thumb Code    12  pstorage.o(i.is_word_aligned)
    i.le_role_encode                         0x0001df84   Section        0  ble_advdata.o(i.le_role_encode)
    le_role_encode                           0x0001df85   Thumb Code    84  ble_advdata.o(i.le_role_encode)
    i.leds_timer_handler                     0x0001dfd8   Section        0  bsp.o(i.leds_timer_handler)
    leds_timer_handler                       0x0001dfd9   Thumb Code    16  bsp.o(i.leds_timer_handler)
    i.list_deletions_handler                 0x0001dfec   Section        0  app_timer.o(i.list_deletions_handler)
    list_deletions_handler                   0x0001dfed   Thumb Code   178  app_timer.o(i.list_deletions_handler)
    i.list_insertions_handler                0x0001e0a8   Section        0  app_timer.o(i.list_insertions_handler)
    list_insertions_handler                  0x0001e0a9   Thumb Code   196  app_timer.o(i.list_insertions_handler)
    i.main                                   0x0001e174   Section        0  main.o(i.main)
    i.main_state_err_busy_process            0x0001e2a8   Section        0  pstorage.o(i.main_state_err_busy_process)
    main_state_err_busy_process              0x0001e2a9   Thumb Code    16  pstorage.o(i.main_state_err_busy_process)
    i.manuf_specific_data_encode             0x0001e2bc   Section        0  ble_advdata.o(i.manuf_specific_data_encode)
    manuf_specific_data_encode               0x0001e2bd   Thumb Code   100  ble_advdata.o(i.manuf_specific_data_encode)
    i.name_encode                            0x0001e320   Section        0  ble_advdata.o(i.name_encode)
    name_encode                              0x0001e321   Thumb Code   156  ble_advdata.o(i.name_encode)
    i.no_service_context_apply               0x0001e3bc   Section        0  device_manager_peripheral.o(i.no_service_context_apply)
    no_service_context_apply                 0x0001e3bd   Thumb Code     4  device_manager_peripheral.o(i.no_service_context_apply)
    i.no_service_context_load                0x0001e3c0   Section        0  device_manager_peripheral.o(i.no_service_context_load)
    no_service_context_load                  0x0001e3c1   Thumb Code     4  device_manager_peripheral.o(i.no_service_context_load)
    i.no_service_context_store               0x0001e3c4   Section        0  device_manager_peripheral.o(i.no_service_context_store)
    no_service_context_store                 0x0001e3c5   Thumb Code     4  device_manager_peripheral.o(i.no_service_context_store)
    i.nrf_drv_common_irq_enable              0x0001e3c8   Section        0  nrf_drv_common.o(i.nrf_drv_common_irq_enable)
    i.nrf_drv_gpiote_in_event_disable        0x0001e400   Section        0  nrf_drv_gpiote.o(i.nrf_drv_gpiote_in_event_disable)
    i.nrf_drv_gpiote_in_event_enable         0x0001e448   Section        0  nrf_drv_gpiote.o(i.nrf_drv_gpiote_in_event_enable)
    i.nrf_drv_gpiote_in_init                 0x0001e4ec   Section        0  nrf_drv_gpiote.o(i.nrf_drv_gpiote_in_init)
    i.nrf_drv_gpiote_in_is_set               0x0001e5a4   Section        0  nrf_drv_gpiote.o(i.nrf_drv_gpiote_in_is_set)
    i.nrf_drv_gpiote_init                    0x0001e5b8   Section        0  nrf_drv_gpiote.o(i.nrf_drv_gpiote_init)
    i.nrf_drv_gpiote_is_init                 0x0001e60c   Section        0  nrf_drv_gpiote.o(i.nrf_drv_gpiote_is_init)
    i.nrf_gpio_cfg                           0x0001e620   Section        0  nrf_drv_gpiote.o(i.nrf_gpio_cfg)
    nrf_gpio_cfg                             0x0001e621   Thumb Code    34  nrf_drv_gpiote.o(i.nrf_gpio_cfg)
    i.nrf_gpio_cfg_sense_set                 0x0001e642   Section        0  nrf_drv_gpiote.o(i.nrf_gpio_cfg_sense_set)
    nrf_gpio_cfg_sense_set                   0x0001e643   Thumb Code    28  nrf_drv_gpiote.o(i.nrf_gpio_cfg_sense_set)
    i.nrf_gpiote_event_clear                 0x0001e660   Section        0  nrf_drv_gpiote.o(i.nrf_gpiote_event_clear)
    nrf_gpiote_event_clear                   0x0001e661   Thumb Code    16  nrf_drv_gpiote.o(i.nrf_gpiote_event_clear)
    i.nrf_gpiote_event_is_set                0x0001e674   Section        0  nrf_drv_gpiote.o(i.nrf_gpiote_event_is_set)
    nrf_gpiote_event_is_set                  0x0001e675   Thumb Code    12  nrf_drv_gpiote.o(i.nrf_gpiote_event_is_set)
    i.nrf_uart_event_check                   0x0001e684   Section        0  nrf_drv_uart.o(i.nrf_uart_event_check)
    nrf_uart_event_check                     0x0001e685   Thumb Code    10  nrf_drv_uart.o(i.nrf_uart_event_check)
    i.nrf_uart_int_enable_check              0x0001e68e   Section        0  nrf_drv_uart.o(i.nrf_uart_int_enable_check)
    nrf_uart_int_enable_check                0x0001e68f   Thumb Code    12  nrf_drv_uart.o(i.nrf_uart_int_enable_check)
    i.nrf_uarte_event_check                  0x0001e69a   Section        0  nrf_drv_uart.o(i.nrf_uarte_event_check)
    nrf_uarte_event_check                    0x0001e69b   Thumb Code    10  nrf_drv_uart.o(i.nrf_uarte_event_check)
    i.on_adv_evt                             0x0001e6a4   Section        0  main.o(i.on_adv_evt)
    on_adv_evt                               0x0001e6a5   Thumb Code    40  main.o(i.on_adv_evt)
    i.on_conn_params_evt                     0x0001e6cc   Section        0  main.o(i.on_conn_params_evt)
    on_conn_params_evt                       0x0001e6cd   Thumb Code    24  main.o(i.on_conn_params_evt)
    i.peer_address_exists                    0x0001e6e8   Section        0  ble_advertising.o(i.peer_address_exists)
    peer_address_exists                      0x0001e6e9   Thumb Code    20  ble_advertising.o(i.peer_address_exists)
    i.peer_instance_init                     0x0001e6fc   Section        0  device_manager_peripheral.o(i.peer_instance_init)
    peer_instance_init                       0x0001e6fd   Thumb Code    60  device_manager_peripheral.o(i.peer_instance_init)
    i.pin_in_use_by_port                     0x0001e73c   Section        0  nrf_drv_gpiote.o(i.pin_in_use_by_port)
    pin_in_use_by_port                       0x0001e73d   Thumb Code    20  nrf_drv_gpiote.o(i.pin_in_use_by_port)
    i.pin_in_use_by_te                       0x0001e754   Section        0  nrf_drv_gpiote.o(i.pin_in_use_by_te)
    pin_in_use_by_te                         0x0001e755   Thumb Code    20  nrf_drv_gpiote.o(i.pin_in_use_by_te)
    i.pstorage_access_status_get             0x0001e76c   Section        0  pstorage.o(i.pstorage_access_status_get)
    i.pstorage_block_identifier_get          0x0001e790   Section        0  pstorage.o(i.pstorage_block_identifier_get)
    i.pstorage_clear                         0x0001e7e4   Section        0  pstorage.o(i.pstorage_clear)
    i.pstorage_flash_page_end                0x0001e880   Section        0  pstorage.o(i.pstorage_flash_page_end)
    pstorage_flash_page_end                  0x0001e881   Thumb Code    30  pstorage.o(i.pstorage_flash_page_end)
    i.pstorage_flash_page_size               0x0001e89e   Section        0  pstorage.o(i.pstorage_flash_page_size)
    pstorage_flash_page_size                 0x0001e89f   Thumb Code    10  pstorage.o(i.pstorage_flash_page_size)
    i.pstorage_init                          0x0001e8a8   Section        0  pstorage.o(i.pstorage_init)
    i.pstorage_load                          0x0001e908   Section        0  pstorage.o(i.pstorage_load)
    i.pstorage_register                      0x0001e9b0   Section        0  pstorage.o(i.pstorage_register)
    i.pstorage_store                         0x0001ea64   Section        0  pstorage.o(i.pstorage_store)
    i.pstorage_sys_event_handler             0x0001eaec   Section        0  pstorage.o(i.pstorage_sys_event_handler)
    i.pstorage_update                        0x0001eb34   Section        0  pstorage.o(i.pstorage_update)
    i.rtc1_stop                              0x0001ebbc   Section        0  app_timer.o(i.rtc1_stop)
    rtc1_stop                                0x0001ebbd   Thumb Code    52  app_timer.o(i.rtc1_stop)
    i.rx_byte                                0x0001ebf8   Section        0  nrf_drv_uart.o(i.rx_byte)
    rx_byte                                  0x0001ebf9   Thumb Code    38  nrf_drv_uart.o(i.rx_byte)
    i.rx_done_event                          0x0001ec28   Section        0  nrf_drv_uart.o(i.rx_done_event)
    rx_done_event                            0x0001ec29   Thumb Code    26  nrf_drv_uart.o(i.rx_done_event)
    i.sd_check_ram_start                     0x0001ec48   Section        0  softdevice_handler.o(i.sd_check_ram_start)
    i.service_data_encode                    0x0001ec58   Section        0  ble_advdata.o(i.service_data_encode)
    service_data_encode                      0x0001ec59   Thumb Code   136  ble_advdata.o(i.service_data_encode)
    i.sleep_mode_enter                       0x0001ece0   Section        0  main.o(i.sleep_mode_enter)
    sleep_mode_enter                         0x0001ece1   Thumb Code    40  main.o(i.sleep_mode_enter)
    i.sm_state_change                        0x0001ed08   Section        0  pstorage.o(i.sm_state_change)
    sm_state_change                          0x0001ed09   Thumb Code    52  pstorage.o(i.sm_state_change)
    i.softdevice_ble_evt_handler_set         0x0001ed44   Section        0  softdevice_handler.o(i.softdevice_ble_evt_handler_set)
    i.softdevice_enable                      0x0001ed58   Section        0  softdevice_handler.o(i.softdevice_enable)
    i.softdevice_enable_get_default_config   0x0001ed6c   Section        0  softdevice_handler.o(i.softdevice_enable_get_default_config)
    i.softdevice_fault_handler               0x0001ed92   Section        0  softdevice_handler.o(i.softdevice_fault_handler)
    i.softdevice_handler_init                0x0001ed98   Section        0  softdevice_handler.o(i.softdevice_handler_init)
    i.softdevice_sys_evt_handler_set         0x0001edc8   Section        0  softdevice_handler.o(i.softdevice_sys_evt_handler_set)
    i.state_data_erase_swap_entry_run        0x0001eddc   Section        0  pstorage.o(i.state_data_erase_swap_entry_run)
    state_data_erase_swap_entry_run          0x0001eddd   Thumb Code    96  pstorage.o(i.state_data_erase_swap_entry_run)
    i.state_erase_data_page_entry_run        0x0001ee44   Section        0  pstorage.o(i.state_erase_data_page_entry_run)
    state_erase_data_page_entry_run          0x0001ee45   Thumb Code     8  pstorage.o(i.state_erase_data_page_entry_run)
    i.state_restore_head_entry_run           0x0001ee50   Section        0  pstorage.o(i.state_restore_head_entry_run)
    state_restore_head_entry_run             0x0001ee51   Thumb Code    38  pstorage.o(i.state_restore_head_entry_run)
    i.state_restore_tail_entry_run           0x0001ee7c   Section        0  pstorage.o(i.state_restore_tail_entry_run)
    state_restore_tail_entry_run             0x0001ee7d   Thumb Code    72  pstorage.o(i.state_restore_tail_entry_run)
    i.state_swap_erase_entry_run             0x0001eecc   Section        0  pstorage.o(i.state_swap_erase_entry_run)
    state_swap_erase_entry_run               0x0001eecd   Thumb Code    30  pstorage.o(i.state_swap_erase_entry_run)
    i.state_write_data_swap_entry_run        0x0001eeec   Section        0  pstorage.o(i.state_write_data_swap_entry_run)
    state_write_data_swap_entry_run          0x0001eeed   Thumb Code    44  pstorage.o(i.state_write_data_swap_entry_run)
    i.storage_operation_dummy_handler        0x0001ef1c   Section        0  device_manager_peripheral.o(i.storage_operation_dummy_handler)
    storage_operation_dummy_handler          0x0001ef1d   Thumb Code     4  device_manager_peripheral.o(i.storage_operation_dummy_handler)
    i.store_cmd_flash_write_execute          0x0001ef20   Section        0  pstorage.o(i.store_cmd_flash_write_execute)
    store_cmd_flash_write_execute            0x0001ef21   Thumb Code    84  pstorage.o(i.store_cmd_flash_write_execute)
    i.swap_erase_state_run                   0x0001ef7c   Section        0  pstorage.o(i.swap_erase_state_run)
    swap_erase_state_run                     0x0001ef7d   Thumb Code    18  pstorage.o(i.swap_erase_state_run)
    i.swap_sub_state_err_busy_process        0x0001ef94   Section        0  pstorage.o(i.swap_sub_state_err_busy_process)
    swap_sub_state_err_busy_process          0x0001ef95   Thumb Code    16  pstorage.o(i.swap_sub_state_err_busy_process)
    i.swap_sub_state_state_change            0x0001efa8   Section        0  pstorage.o(i.swap_sub_state_state_change)
    swap_sub_state_state_change              0x0001efa9   Thumb Code    12  pstorage.o(i.swap_sub_state_state_change)
    i.sys_evt_dispatch                       0x0001efbc   Section        0  main.o(i.sys_evt_dispatch)
    sys_evt_dispatch                         0x0001efbd   Thumb Code    18  main.o(i.sys_evt_dispatch)
    i.tail_restore_state_run                 0x0001efd0   Section        0  pstorage.o(i.tail_restore_state_run)
    tail_restore_state_run                   0x0001efd1   Thumb Code    16  pstorage.o(i.tail_restore_state_run)
    i.timer_list_handler                     0x0001efe4   Section        0  app_timer.o(i.timer_list_handler)
    timer_list_handler                       0x0001efe5   Thumb Code   134  app_timer.o(i.timer_list_handler)
    i.timer_list_insert                      0x0001f070   Section        0  app_timer.o(i.timer_list_insert)
    timer_list_insert                        0x0001f071   Thumb Code    56  app_timer.o(i.timer_list_insert)
    i.timer_timeouts_check                   0x0001f0ac   Section        0  app_timer.o(i.timer_timeouts_check)
    timer_timeouts_check                     0x0001f0ad   Thumb Code   124  app_timer.o(i.timer_timeouts_check)
    i.tx_byte                                0x0001f130   Section        0  nrf_drv_uart.o(i.tx_byte)
    tx_byte                                  0x0001f131   Thumb Code    28  nrf_drv_uart.o(i.tx_byte)
    i.tx_done_event                          0x0001f154   Section        0  nrf_drv_uart.o(i.tx_done_event)
    tx_done_event                            0x0001f155   Thumb Code    30  nrf_drv_uart.o(i.tx_done_event)
    i.uart_irq_handler                       0x0001f178   Section        0  nrf_drv_uart.o(i.uart_irq_handler)
    uart_irq_handler                         0x0001f179   Thumb Code   254  nrf_drv_uart.o(i.uart_irq_handler)
    i.uarte_irq_handler                      0x0001f280   Section        0  nrf_drv_uart.o(i.uarte_irq_handler)
    uarte_irq_handler                        0x0001f281   Thumb Code   206  nrf_drv_uart.o(i.uarte_irq_handler)
    i.uint16_encode                          0x0001f358   Section        0  ble_advdata.o(i.uint16_encode)
    uint16_encode                            0x0001f359   Thumb Code    10  ble_advdata.o(i.uint16_encode)
    i.update_status_bit_reset                0x0001f364   Section        0  device_manager_peripheral.o(i.update_status_bit_reset)
    update_status_bit_reset                  0x0001f365   Thumb Code    14  device_manager_peripheral.o(i.update_status_bit_reset)
    i.update_timeout_handler                 0x0001f378   Section        0  ble_conn_params.o(i.update_timeout_handler)
    update_timeout_handler                   0x0001f379   Thumb Code    88  ble_conn_params.o(i.update_timeout_handler)
    i.user_id_get                            0x0001f3d8   Section        0  app_timer.o(i.user_id_get)
    user_id_get                              0x0001f3d9   Thumb Code    62  app_timer.o(i.user_id_get)
    i.user_op_alloc                          0x0001f41c   Section        0  app_timer.o(i.user_op_alloc)
    user_op_alloc                            0x0001f41d   Thumb Code    40  app_timer.o(i.user_op_alloc)
    i.uuid_list_encode                       0x0001f444   Section        0  ble_advdata.o(i.uuid_list_encode)
    uuid_list_encode                         0x0001f445   Thumb Code    48  ble_advdata.o(i.uuid_list_encode)
    i.uuid_list_sized_encode                 0x0001f474   Section        0  ble_advdata.o(i.uuid_list_sized_encode)
    uuid_list_sized_encode                   0x0001f475   Thumb Code   158  ble_advdata.o(i.uuid_list_sized_encode)
    i.whitelist_has_entries                  0x0001f512   Section        0  ble_advertising.o(i.whitelist_has_entries)
    whitelist_has_entries                    0x0001f513   Thumb Code    14  ble_advertising.o(i.whitelist_has_entries)
    .constdata                               0x0001f520   Section        4  main.o(.constdata)
    .constdata                               0x0001f524   Section       16  ble_ais.o(.constdata)
    .constdata                               0x0001f534   Section       60  bsp.o(.constdata)
    m_leds_timer_id                          0x0001f534   Data           4  bsp.o(.constdata)
    m_alert_timer_id                         0x0001f538   Data           4  bsp.o(.constdata)
    m_button_timer_id                        0x0001f53c   Data           4  bsp.o(.constdata)
    m_buttons_list                           0x0001f540   Data          16  bsp.o(.constdata)
    app_buttons                              0x0001f550   Data          32  bsp.o(.constdata)
    .constdata                               0x0001f570   Section        4  ble_conn_params.o(.constdata)
    m_conn_params_timer_id                   0x0001f570   Data           4  ble_conn_params.o(.constdata)
    .constdata                               0x0001f574   Section       52  device_manager_peripheral.o(.constdata)
    .constdata                               0x0001f5a8   Section       40  pstorage.o(.constdata)
    swap_sub_state_sm_lut                    0x0001f5a8   Data          20  pstorage.o(.constdata)
    swap_sub_state_sm_lut                    0x0001f5bc   Data          20  pstorage.o(.constdata)
    .constdata                               0x0001f5d0   Section        8  app_button.o(.constdata)
    m_detection_delay_timer_id               0x0001f5d0   Data           4  app_button.o(.constdata)
    .data                                    0x20001f00   Section       40  main.o(.data)
    di                                       0x20001f00   Data           1  main.o(.data)
    send_flag                                0x20001f01   Data           1  main.o(.data)
    m_app_handle                             0x20001f02   Data           1  main.o(.data)
    m_conn_handle                            0x20001f04   Data           2  main.o(.data)
    m_adv_uuids                              0x20001f06   Data           4  main.o(.data)
    buttons                                  0x20001f0c   Data           8  main.o(.data)
    data                                     0x20001f14   Data          20  main.o(.data)
    .data                                    0x20001f28   Section       24  bsp.o(.data)
    m_stable_state                           0x20001f28   Data           1  bsp.o(.data)
    current_long_push_pin_no                 0x20001f29   Data           1  bsp.o(.data)
    m_app_ticks_per_100ms                    0x20001f2c   Data           4  bsp.o(.data)
    m_indication_type                        0x20001f30   Data           4  bsp.o(.data)
    m_alert_mask                             0x20001f34   Data           4  bsp.o(.data)
    m_registered_callback                    0x20001f38   Data           4  bsp.o(.data)
    release_event_at_push                    0x20001f3c   Data           4  bsp.o(.data)
    .data                                    0x20001f40   Section        8  bsp_btn_ble.o(.data)
    m_error_handler                          0x20001f40   Data           4  bsp_btn_ble.o(.data)
    m_num_connections                        0x20001f44   Data           4  bsp_btn_ble.o(.data)
    .data                                    0x20001f48   Section       31  ble_advertising.o(.data)
    m_advertising_start_pending              0x20001f48   Data           1  ble_advertising.o(.data)
    m_whitelist_temporarily_disabled         0x20001f49   Data           1  ble_advertising.o(.data)
    m_whitelist_reply_expected               0x20001f4a   Data           1  ble_advertising.o(.data)
    m_peer_addr_reply_expected               0x20001f4b   Data           1  ble_advertising.o(.data)
    m_adv_evt                                0x20001f4c   Data           1  ble_advertising.o(.data)
    m_adv_mode_current                       0x20001f4d   Data           1  ble_advertising.o(.data)
    m_tx_power_level                         0x20001f4e   Data           1  ble_advertising.o(.data)
    current_slave_link_conn_handle           0x20001f50   Data           2  ble_advertising.o(.data)
    m_evt_handler                            0x20001f54   Data           4  ble_advertising.o(.data)
    m_error_handler                          0x20001f58   Data           4  ble_advertising.o(.data)
    m_slave_conn_int                         0x20001f5c   Data           4  ble_advertising.o(.data)
    m_peer_address                           0x20001f60   Data           7  ble_advertising.o(.data)
    .data                                    0x20001f68   Section       20  ble_conn_params.o(.data)
    m_change_param                           0x20001f68   Data           1  ble_conn_params.o(.data)
    m_update_count                           0x20001f69   Data           1  ble_conn_params.o(.data)
    m_conn_handle                            0x20001f6a   Data           2  ble_conn_params.o(.data)
    m_preferred_conn_params                  0x20001f6c   Data           8  ble_conn_params.o(.data)
    m_current_conn_params                    0x20001f74   Data           8  ble_conn_params.o(.data)
    .data                                    0x20001f7c   Section       24  device_manager_peripheral.o(.data)
    m_module_initialized                     0x20001f7c   Data           1  device_manager_peripheral.o(.data)
    m_peer_addr_update                       0x20001f80   Data           4  device_manager_peripheral.o(.data)
    m_irk_index_table                        0x20001f84   Data           7  device_manager_peripheral.o(.data)
    m_storage_handle                         0x20001f8c   Data           8  device_manager_peripheral.o(.data)
    .data                                    0x20001f94   Section       36  pstorage.o(.data)
    m_state                                  0x20001f94   Data           1  pstorage.o(.data)
    m_swap_sub_state                         0x20001f95   Data           1  pstorage.o(.data)
    m_next_app_instance                      0x20001f96   Data           2  pstorage.o(.data)
    m_flags                                  0x20001f98   Data           4  pstorage.o(.data)
    m_next_page_addr                         0x20001f9c   Data           4  pstorage.o(.data)
    m_head_word_size                         0x20001fa0   Data           4  pstorage.o(.data)
    m_tail_word_size                         0x20001fa4   Data           4  pstorage.o(.data)
    m_current_page_id                        0x20001fa8   Data           4  pstorage.o(.data)
    m_num_of_command_retries                 0x20001fac   Data           4  pstorage.o(.data)
    m_num_of_bytes_written                   0x20001fb0   Data           4  pstorage.o(.data)
    m_app_data_size                          0x20001fb4   Data           4  pstorage.o(.data)
    .data                                    0x20001fb8   Section       20  app_button.o(.data)
    m_button_count                           0x20001fb8   Data           1  app_button.o(.data)
    mp_buttons                               0x20001fbc   Data           4  app_button.o(.data)
    m_detection_delay                        0x20001fc0   Data           4  app_button.o(.data)
    m_pin_state                              0x20001fc4   Data           4  app_button.o(.data)
    m_pin_transition                         0x20001fc8   Data           4  app_button.o(.data)
    .data                                    0x20001fcc   Section       32  app_timer.o(.data)
    m_user_array_size                        0x20001fcc   Data           1  app_timer.o(.data)
    m_ticks_elapsed_q_read_ind               0x20001fcd   Data           1  app_timer.o(.data)
    m_ticks_elapsed_q_write_ind              0x20001fce   Data           1  app_timer.o(.data)
    m_rtc1_running                           0x20001fcf   Data           1  app_timer.o(.data)
    m_rtc1_reset                             0x20001fd0   Data           1  app_timer.o(.data)
    mp_users                                 0x20001fd4   Data           4  app_timer.o(.data)
    mp_timer_id_head                         0x20001fd8   Data           4  app_timer.o(.data)
    m_ticks_latest                           0x20001fdc   Data           4  app_timer.o(.data)
    m_evt_schedule_func                      0x20001fe0   Data           4  app_timer.o(.data)
    m_ticks_elapsed                          0x20001fe4   Data           8  app_timer.o(.data)
    .data                                    0x20001fec   Section       20  softdevice_handler.o(.data)
    m_softdevice_enabled                     0x20001fec   Data           1  softdevice_handler.o(.data)
    m_ble_evt_buffer_size                    0x20001fee   Data           2  softdevice_handler.o(.data)
    m_evt_schedule_func                      0x20001ff0   Data           4  softdevice_handler.o(.data)
    mp_ble_evt_buffer                        0x20001ff4   Data           4  softdevice_handler.o(.data)
    m_ble_evt_handler                        0x20001ff8   Data           4  softdevice_handler.o(.data)
    m_sys_evt_handler                        0x20001ffc   Data           4  softdevice_handler.o(.data)
    .data                                    0x20002000   Section        4  system_nrf52.o(.data)
    __tagsym$$used                           0x20002000   Number         0  system_nrf52.o(.data)
    .bss                                     0x20002004   Section      548  main.o(.bss)
    APP_TIMER_BUF                            0x20002004   Data         456  main.o(.bss)
    BLE_EVT_BUFFER                           0x200021cc   Data          72  main.o(.bss)
    m_ais                                    0x20002214   Data          20  main.o(.bss)
    .bss                                     0x20002228   Section       32  bsp.o(.bss)
    m_leds_timer_id_data                     0x20002228   Data          32  bsp.o(.bss)
    .bss                                     0x20002248   Section       32  bsp.o(.bss)
    m_alert_timer_id_data                    0x20002248   Data          32  bsp.o(.bss)
    .bss                                     0x20002268   Section       12  bsp.o(.bss)
    m_events_list                            0x20002268   Data          12  bsp.o(.bss)
    .bss                                     0x20002274   Section       32  bsp.o(.bss)
    m_button_timer_id_data                   0x20002274   Data          32  bsp.o(.bss)
    .bss                                     0x20002294   Section      259  ble_advertising.o(.bss)
    m_advdata                                0x20002294   Data          56  ble_advertising.o(.bss)
    m_adv_modes_config                       0x200022cc   Data          36  ble_advertising.o(.bss)
    m_whitelist                              0x200022f0   Data          16  ble_advertising.o(.bss)
    mp_whitelist_addr                        0x20002300   Data          32  ble_advertising.o(.bss)
    mp_whitelist_irk                         0x20002320   Data          32  ble_advertising.o(.bss)
    m_manuf_specific_data                    0x20002340   Data          12  ble_advertising.o(.bss)
    m_manuf_data_array                       0x2000234c   Data          31  ble_advertising.o(.bss)
    m_service_data                           0x2000236c   Data          12  ble_advertising.o(.bss)
    m_service_data_array                     0x20002378   Data          31  ble_advertising.o(.bss)
    .bss                                     0x20002398   Section       32  ble_conn_params.o(.bss)
    m_conn_params_timer_id_data              0x20002398   Data          32  ble_conn_params.o(.bss)
    .bss                                     0x200023b8   Section       28  ble_conn_params.o(.bss)
    m_conn_params_config                     0x200023b8   Data          28  ble_conn_params.o(.bss)
    .bss                                     0x200023d4   Section      335  device_manager_peripheral.o(.bss)
    m_app_context_table                      0x200023d4   Data          28  device_manager_peripheral.o(.bss)
    m_peer_table                             0x200023f0   Data         196  device_manager_peripheral.o(.bss)
    m_bond_table                             0x200024b4   Data          28  device_manager_peripheral.o(.bss)
    m_gatts_table                            0x200024d0   Data          36  device_manager_peripheral.o(.bss)
    m_connection_table                       0x200024f4   Data          12  device_manager_peripheral.o(.bss)
    m_application_table                      0x20002500   Data          12  device_manager_peripheral.o(.bss)
    m_local_id_info                          0x2000250c   Data          23  device_manager_peripheral.o(.bss)
    .bss                                     0x20002524   Section       88  nrf_drv_gpiote.o(.bss)
    m_cb                                     0x20002524   Data          88  nrf_drv_gpiote.o(.bss)
    .bss                                     0x2000257c   Section       32  nrf_drv_uart.o(.bss)
    m_cb                                     0x2000257c   Data          32  nrf_drv_uart.o(.bss)
    .bss                                     0x2000259c   Section      228  pstorage.o(.bss)
    m_cmd_queue                              0x2000259c   Data         204  pstorage.o(.bss)
    m_app_table                              0x20002668   Data          24  pstorage.o(.bss)
    .bss                                     0x20002680   Section       32  app_button.o(.bss)
    m_detection_delay_timer_id_data          0x20002680   Data          32  app_button.o(.bss)
    STACK                                    0x200026a0   Section     8192  arm_startup_nrf52.o(STACK)

    Global Symbols

    Symbol Name                              Value     Ov Type        Size  Object(Section)

    BuildAttributes$$THM_ISAv4$E$P$D$K$B$S$7EM$VFPi3$EXTD16$VFPS$VFMA$PE$A:L22UL41UL21$X:L11$S22US41US21$IEEE1$IW$USESV6$~STKCKD$USESV7$~SHL$OSPACE$ROPI$EBA8$MICROLIB$REQ8$PRES8$EABIv2 0x00000000   Number         0  anon$$obj.o ABSOLUTE
    __ARM_use_no_argv                        0x00000000   Number         0  main.o ABSOLUTE
    __cpp_initialize__aeabi_                  - Undefined Weak Reference
    __cxa_finalize                            - Undefined Weak Reference
    __decompress                              - Undefined Weak Reference
    _clock_init                               - Undefined Weak Reference
    _microlib_exit                            - Undefined Weak Reference
    __Vectors_Size                           0x00000400   Number         0  arm_startup_nrf52.o ABSOLUTE
    __Vectors                                0x0001b000   Data           4  arm_startup_nrf52.o(RESET)
    __Vectors_End                            0x0001b400   Data           0  arm_startup_nrf52.o(RESET)
    __main                                   0x0001b401   Thumb Code     0  entry.o(.ARM.Collect$$$$00000000)
    _main_stk                                0x0001b401   Thumb Code     0  entry2.o(.ARM.Collect$$$$00000001)
    _main_scatterload                        0x0001b405   Thumb Code     0  entry5.o(.ARM.Collect$$$$00000004)
    __main_after_scatterload                 0x0001b409   Thumb Code     0  entry5.o(.ARM.Collect$$$$00000004)
    _main_clock                              0x0001b409   Thumb Code     0  entry7b.o(.ARM.Collect$$$$00000008)
    _main_cpp_init                           0x0001b409   Thumb Code     0  entry8b.o(.ARM.Collect$$$$0000000A)
    _main_init                               0x0001b409   Thumb Code     0  entry9a.o(.ARM.Collect$$$$0000000B)
    __rt_final_cpp                           0x0001b411   Thumb Code     0  entry10a.o(.ARM.Collect$$$$0000000D)
    __rt_final_exit                          0x0001b411   Thumb Code     0  entry11a.o(.ARM.Collect$$$$0000000F)
    __asm___11_app_timer_c_cd27f9c3__nrf_delay_us 0x0001b415   Thumb Code   118  app_timer.o(.emb_text)
    Reset_Handler                            0x0001b48d   Thumb Code     8  arm_startup_nrf52.o(.text)
    NMI_Handler                              0x0001b495   Thumb Code     2  arm_startup_nrf52.o(.text)
    HardFault_Handler                        0x0001b497   Thumb Code     2  arm_startup_nrf52.o(.text)
    MemoryManagement_Handler                 0x0001b499   Thumb Code     2  arm_startup_nrf52.o(.text)
    BusFault_Handler                         0x0001b49b   Thumb Code     2  arm_startup_nrf52.o(.text)
    UsageFault_Handler                       0x0001b49d   Thumb Code     2  arm_startup_nrf52.o(.text)
    SVC_Handler                              0x0001b49f   Thumb Code     2  arm_startup_nrf52.o(.text)
    PendSV_Handler                           0x0001b4a1   Thumb Code     2  arm_startup_nrf52.o(.text)
    SysTick_Handler                          0x0001b4a3   Thumb Code     2  arm_startup_nrf52.o(.text)
    CCM_AAR_IRQHandler                       0x0001b4a5   Thumb Code     0  arm_startup_nrf52.o(.text)
    COMP_LPCOMP_IRQHandler                   0x0001b4a5   Thumb Code     0  arm_startup_nrf52.o(.text)
    ECB_IRQHandler                           0x0001b4a5   Thumb Code     0  arm_startup_nrf52.o(.text)
    I2S_IRQHandler                           0x0001b4a5   Thumb Code     0  arm_startup_nrf52.o(.text)
    MWU_IRQHandler                           0x0001b4a5   Thumb Code     0  arm_startup_nrf52.o(.text)
    NFCT_IRQHandler                          0x0001b4a5   Thumb Code     0  arm_startup_nrf52.o(.text)
    PDM_IRQHandler                           0x0001b4a5   Thumb Code     0  arm_startup_nrf52.o(.text)
    POWER_CLOCK_IRQHandler                   0x0001b4a5   Thumb Code     0  arm_startup_nrf52.o(.text)
    PWM0_IRQHandler                          0x0001b4a5   Thumb Code     0  arm_startup_nrf52.o(.text)
    PWM1_IRQHandler                          0x0001b4a5   Thumb Code     0  arm_startup_nrf52.o(.text)
    PWM2_IRQHandler                          0x0001b4a5   Thumb Code     0  arm_startup_nrf52.o(.text)
    QDEC_IRQHandler                          0x0001b4a5   Thumb Code     0  arm_startup_nrf52.o(.text)
    RADIO_IRQHandler                         0x0001b4a5   Thumb Code     0  arm_startup_nrf52.o(.text)
    RNG_IRQHandler                           0x0001b4a5   Thumb Code     0  arm_startup_nrf52.o(.text)
    RTC0_IRQHandler                          0x0001b4a5   Thumb Code     0  arm_startup_nrf52.o(.text)
    RTC2_IRQHandler                          0x0001b4a5   Thumb Code     0  arm_startup_nrf52.o(.text)
    SAADC_IRQHandler                         0x0001b4a5   Thumb Code     0  arm_startup_nrf52.o(.text)
    SPIM0_SPIS0_TWIM0_TWIS0_SPI0_TWI0_IRQHandler 0x0001b4a5   Thumb Code     0  arm_startup_nrf52.o(.text)
    SPIM1_SPIS1_TWIM1_TWIS1_SPI1_TWI1_IRQHandler 0x0001b4a5   Thumb Code     0  arm_startup_nrf52.o(.text)
    SPIM2_SPIS2_SPI2_IRQHandler              0x0001b4a5   Thumb Code     0  arm_startup_nrf52.o(.text)
    SWI1_EGU1_IRQHandler                     0x0001b4a5   Thumb Code     0  arm_startup_nrf52.o(.text)
    SWI3_EGU3_IRQHandler                     0x0001b4a5   Thumb Code     0  arm_startup_nrf52.o(.text)
    SWI4_EGU4_IRQHandler                     0x0001b4a5   Thumb Code     0  arm_startup_nrf52.o(.text)
    SWI5_EGU5_IRQHandler                     0x0001b4a5   Thumb Code     0  arm_startup_nrf52.o(.text)
    TEMP_IRQHandler                          0x0001b4a5   Thumb Code     0  arm_startup_nrf52.o(.text)
    TIMER0_IRQHandler                        0x0001b4a5   Thumb Code     0  arm_startup_nrf52.o(.text)
    TIMER1_IRQHandler                        0x0001b4a5   Thumb Code     0  arm_startup_nrf52.o(.text)
    TIMER2_IRQHandler                        0x0001b4a5   Thumb Code     0  arm_startup_nrf52.o(.text)
    TIMER3_IRQHandler                        0x0001b4a5   Thumb Code     0  arm_startup_nrf52.o(.text)
    TIMER4_IRQHandler                        0x0001b4a5   Thumb Code     0  arm_startup_nrf52.o(.text)
    WDT_IRQHandler                           0x0001b4a5   Thumb Code     0  arm_startup_nrf52.o(.text)
    __aeabi_memcpy                           0x0001b4b1   Thumb Code    36  memcpya.o(.text)
    __aeabi_memcpy4                          0x0001b4b1   Thumb Code     0  memcpya.o(.text)
    __aeabi_memcpy8                          0x0001b4b1   Thumb Code     0  memcpya.o(.text)
    __aeabi_memset                           0x0001b4d5   Thumb Code    14  memseta.o(.text)
    __aeabi_memset4                          0x0001b4d5   Thumb Code     0  memseta.o(.text)
    __aeabi_memset8                          0x0001b4d5   Thumb Code     0  memseta.o(.text)
    __aeabi_memclr                           0x0001b4e3   Thumb Code     4  memseta.o(.text)
    __aeabi_memclr4                          0x0001b4e3   Thumb Code     0  memseta.o(.text)
    __aeabi_memclr8                          0x0001b4e3   Thumb Code     0  memseta.o(.text)
    _memset$wrapper                          0x0001b4e7   Thumb Code    18  memseta.o(.text)
    memcmp                                   0x0001b4f9   Thumb Code    26  memcmp.o(.text)
    __scatterload                            0x0001b515   Thumb Code    28  init.o(.text)
    __scatterload_rt2                        0x0001b515   Thumb Code     0  init.o(.text)
    GPIOTE_IRQHandler                        0x0001b539   Thumb Code   248  nrf_drv_gpiote.o(i.GPIOTE_IRQHandler)
    RTC1_IRQHandler                          0x0001b6a1   Thumb Code    32  app_timer.o(i.RTC1_IRQHandler)
    SWI0_EGU0_IRQHandler                     0x0001b6c5   Thumb Code     4  app_timer.o(i.SWI0_EGU0_IRQHandler)
    SWI2_EGU2_IRQHandler                     0x0001b6c9   Thumb Code    32  softdevice_handler.o(i.SWI2_EGU2_IRQHandler)
    SystemInit                               0x0001b6ed   Thumb Code   562  system_nrf52.o(i.SystemInit)
    UARTE0_UART0_IRQHandler                  0x0001b949   Thumb Code    14  nrf_drv_uart.o(i.UARTE0_UART0_IRQHandler)
    __scatterload_copy                       0x0001b95d   Thumb Code    14  handlers.o(i.__scatterload_copy)
    __scatterload_null                       0x0001b96b   Thumb Code     2  handlers.o(i.__scatterload_null)
    __scatterload_zeroinit                   0x0001b96d   Thumb Code    14  handlers.o(i.__scatterload_zeroinit)
    adv_data_encode                          0x0001b97b   Thumb Code   514  ble_advdata.o(i.adv_data_encode)
    app_button_disable                       0x0001bc5d   Thumb Code    38  app_button.o(i.app_button_disable)
    app_button_enable                        0x0001bc8d   Thumb Code    32  app_button.o(i.app_button_enable)
    app_button_init                          0x0001bcb1   Thumb Code    96  app_button.o(i.app_button_init)
    app_error_fault_handler                  0x0001bd21   Thumb Code    26  app_error.o(i.app_error_fault_handler)
    app_error_handler_bare                   0x0001bd45   Thumb Code    20  app_error.o(i.app_error_handler_bare)
    app_timer_create                         0x0001bdb5   Thumb Code    32  app_timer.o(i.app_timer_create)
    app_timer_init                           0x0001bdd9   Thumb Code   134  app_timer.o(i.app_timer_init)
    app_timer_start                          0x0001be69   Thumb Code   118  app_timer.o(i.app_timer_start)
    app_timer_stop                           0x0001bee9   Thumb Code    76  app_timer.o(i.app_timer_stop)
    ble_advdata_set                          0x0001bf39   Thumb Code   104  ble_advdata.o(i.ble_advdata_set)
    ble_advertising_init                     0x0001bfa1   Thumb Code   274  ble_advertising.o(i.ble_advertising_init)
    ble_advertising_on_ble_evt               0x0001c0bd   Thumb Code   122  ble_advertising.o(i.ble_advertising_on_ble_evt)
    ble_advertising_on_sys_evt               0x0001c13d   Thumb Code    46  ble_advertising.o(i.ble_advertising_on_sys_evt)
    ble_advertising_restart_without_whitelist 0x0001c181   Thumb Code    48  ble_advertising.o(i.ble_advertising_restart_without_whitelist)
    ble_advertising_start                    0x0001c1b9   Thumb Code   462  ble_advertising.o(i.ble_advertising_start)
    ble_ais_data_send                        0x0001c391   Thumb Code    46  ble_ais.o(i.ble_ais_data_send)
    ble_ais_init                             0x0001c3c1   Thumb Code    84  ble_ais.o(i.ble_ais_init)
    ble_ais_on_ble_evt                       0x0001c419   Thumb Code    22  ble_ais.o(i.ble_ais_on_ble_evt)
    ble_conn_params_init                     0x0001c431   Thumb Code    72  ble_conn_params.o(i.ble_conn_params_init)
    ble_conn_params_on_ble_evt               0x0001c489   Thumb Code   126  ble_conn_params.o(i.ble_conn_params_on_ble_evt)
    bond_data_load                           0x0001c659   Thumb Code    60  device_manager_peripheral.o(i.bond_data_load)
    bsp_btn_ble_init                         0x0001c6a1   Thumb Code    72  bsp_btn_ble.o(i.bsp_btn_ble_init)
    bsp_btn_ble_on_ble_evt                   0x0001c6ed   Thumb Code   106  bsp_btn_ble.o(i.bsp_btn_ble_on_ble_evt)
    bsp_btn_ble_sleep_mode_prepare           0x0001c75d   Thumb Code    18  bsp_btn_ble.o(i.bsp_btn_ble_sleep_mode_prepare)
    bsp_button_is_pressed                    0x0001c819   Thumb Code    34  bsp.o(i.bsp_button_is_pressed)
    bsp_event_handler                        0x0001c845   Thumb Code    54  main.o(i.bsp_event_handler)
    bsp_event_to_button_action_assign        0x0001c881   Thumb Code    64  bsp.o(i.bsp_event_to_button_action_assign)
    bsp_indication_set                       0x0001c8c5   Thumb Code    20  bsp.o(i.bsp_indication_set)
    bsp_init                                 0x0001c8dd   Thumb Code   140  bsp.o(i.bsp_init)
    bsp_wakeup_buttons_set                   0x0001cba5   Thumb Code    54  bsp.o(i.bsp_wakeup_buttons_set)
    dm_ble_evt_handler                       0x0001d3ed   Thumb Code  1112  device_manager_peripheral.o(i.dm_ble_evt_handler)
    dm_handle_initialize                     0x0001d845   Thumb Code    22  device_manager_peripheral.o(i.dm_handle_initialize)
    dm_init                                  0x0001d85d   Thumb Code   182  device_manager_peripheral.o(i.dm_init)
    dm_register                              0x0001dab1   Thumb Code    94  device_manager_peripheral.o(i.dm_register)
    intern_softdevice_events_execute         0x0001dea9   Thumb Code   106  softdevice_handler.o(i.intern_softdevice_events_execute)
    main                                     0x0001e175   Thumb Code   268  main.o(i.main)
    nrf_drv_common_irq_enable                0x0001e3c9   Thumb Code    56  nrf_drv_common.o(i.nrf_drv_common_irq_enable)
    nrf_drv_gpiote_in_event_disable          0x0001e401   Thumb Code    66  nrf_drv_gpiote.o(i.nrf_drv_gpiote_in_event_disable)
    nrf_drv_gpiote_in_event_enable           0x0001e449   Thumb Code   150  nrf_drv_gpiote.o(i.nrf_drv_gpiote_in_event_enable)
    nrf_drv_gpiote_in_init                   0x0001e4ed   Thumb Code   170  nrf_drv_gpiote.o(i.nrf_drv_gpiote_in_init)
    nrf_drv_gpiote_in_is_set                 0x0001e5a5   Thumb Code    16  nrf_drv_gpiote.o(i.nrf_drv_gpiote_in_is_set)
    nrf_drv_gpiote_init                      0x0001e5b9   Thumb Code    76  nrf_drv_gpiote.o(i.nrf_drv_gpiote_init)
    nrf_drv_gpiote_is_init                   0x0001e60d   Thumb Code    14  nrf_drv_gpiote.o(i.nrf_drv_gpiote_is_init)
    pstorage_access_status_get               0x0001e76d   Thumb Code    28  pstorage.o(i.pstorage_access_status_get)
    pstorage_block_identifier_get            0x0001e791   Thumb Code    76  pstorage.o(i.pstorage_block_identifier_get)
    pstorage_clear                           0x0001e7e5   Thumb Code   148  pstorage.o(i.pstorage_clear)
    pstorage_init                            0x0001e8a9   Thumb Code    88  pstorage.o(i.pstorage_init)
    pstorage_load                            0x0001e909   Thumb Code   158  pstorage.o(i.pstorage_load)
    pstorage_register                        0x0001e9b1   Thumb Code   172  pstorage.o(i.pstorage_register)
    pstorage_store                           0x0001ea65   Thumb Code   128  pstorage.o(i.pstorage_store)
    pstorage_sys_event_handler               0x0001eaed   Thumb Code    66  pstorage.o(i.pstorage_sys_event_handler)
    pstorage_update                          0x0001eb35   Thumb Code   128  pstorage.o(i.pstorage_update)
    sd_check_ram_start                       0x0001ec49   Thumb Code    10  softdevice_handler.o(i.sd_check_ram_start)
    softdevice_ble_evt_handler_set           0x0001ed45   Thumb Code    14  softdevice_handler.o(i.softdevice_ble_evt_handler_set)
    softdevice_enable                        0x0001ed59   Thumb Code    14  softdevice_handler.o(i.softdevice_enable)
    softdevice_enable_get_default_config     0x0001ed6d   Thumb Code    38  softdevice_handler.o(i.softdevice_enable_get_default_config)
    softdevice_fault_handler                 0x0001ed93   Thumb Code     4  softdevice_handler.o(i.softdevice_fault_handler)
    softdevice_handler_init                  0x0001ed99   Thumb Code    38  softdevice_handler.o(i.softdevice_handler_init)
    softdevice_sys_evt_handler_set           0x0001edc9   Thumb Code    14  softdevice_handler.o(i.softdevice_sys_evt_handler_set)
    m_context_init_len                       0x0001f574   Data           4  device_manager_peripheral.o(.constdata)
    m_service_context_store                  0x0001f578   Data          16  device_manager_peripheral.o(.constdata)
    m_service_context_load                   0x0001f588   Data          16  device_manager_peripheral.o(.constdata)
    m_service_context_apply                  0x0001f598   Data          16  device_manager_peripheral.o(.constdata)
    Region$$Table$$Base                      0x0001f5d8   Number         0  anon$$obj.o(Region$$Table)
    Region$$Table$$Limit                     0x0001f5f8   Number         0  anon$$obj.o(Region$$Table)
    Image$$RW_IRAM1$$Base                    0x20001f00   Number         0  anon$$obj.o ABSOLUTE
    SystemCoreClock                          0x20002000   Data           4  system_nrf52.o(.data)
    __initial_sp                             0x200046a0   Data           0  arm_startup_nrf52.o(STACK)



==============================================================================

Memory Map of the image

  Image Entry point : 0x0001b401

  Load Region LR_IROM1 (Base: 0x0001b000, Size: 0x000046fc, Max: 0x00065000, ABSOLUTE)

    Execution Region ER_IROM1 (Base: 0x0001b000, Size: 0x000045f8, Max: 0x00065000, ABSOLUTE)

    Base Addr    Size         Type   Attr      Idx    E Section Name        Object

    0x0001b000   0x00000400   Data   RO         2587    RESET               arm_startup_nrf52.o
    0x0001b400   0x00000000   Code   RO         2628  * .ARM.Collect$$$$00000000  mc_w.l(entry.o)
    0x0001b400   0x00000004   Code   RO         2671    .ARM.Collect$$$$00000001  mc_w.l(entry2.o)
    0x0001b404   0x00000004   Code   RO         2674    .ARM.Collect$$$$00000004  mc_w.l(entry5.o)
    0x0001b408   0x00000000   Code   RO         2676    .ARM.Collect$$$$00000008  mc_w.l(entry7b.o)
    0x0001b408   0x00000000   Code   RO         2678    .ARM.Collect$$$$0000000A  mc_w.l(entry8b.o)
    0x0001b408   0x00000008   Code   RO         2679    .ARM.Collect$$$$0000000B  mc_w.l(entry9a.o)
    0x0001b410   0x00000000   Code   RO         2681    .ARM.Collect$$$$0000000D  mc_w.l(entry10a.o)
    0x0001b410   0x00000000   Code   RO         2683    .ARM.Collect$$$$0000000F  mc_w.l(entry11a.o)
    0x0001b410   0x00000004   Code   RO         2672    .ARM.Collect$$$$00002712  mc_w.l(entry2.o)
    0x0001b414   0x00000076   Code   RO         2169    .emb_text           app_timer.o
    0x0001b48a   0x00000002   PAD
    0x0001b48c   0x00000024   Code   RO         2588    .text               arm_startup_nrf52.o
    0x0001b4b0   0x00000024   Code   RO         2631    .text               mc_w.l(memcpya.o)
    0x0001b4d4   0x00000024   Code   RO         2633    .text               mc_w.l(memseta.o)
    0x0001b4f8   0x0000001a   Code   RO         2637    .text               mc_w.l(memcmp.o)
    0x0001b512   0x00000002   PAD
    0x0001b514   0x00000024   Code   RO         2700    .text               mc_w.l(init.o)
    0x0001b538   0x00000104   Code   RO         1257    i.GPIOTE_IRQHandler  nrf_drv_gpiote.o
    0x0001b63c   0x00000016   Code   RO         2170    i.NVIC_ClearPendingIRQ  app_timer.o
    0x0001b652   0x00000016   Code   RO         2171    i.NVIC_EnableIRQ    app_timer.o
    0x0001b668   0x00000016   Code   RO         2172    i.NVIC_SetPendingIRQ  app_timer.o
    0x0001b67e   0x00000020   Code   RO         2173    i.NVIC_SetPriority  app_timer.o
    0x0001b69e   0x00000002   PAD
    0x0001b6a0   0x00000024   Code   RO         2174    i.RTC1_IRQHandler   app_timer.o
    0x0001b6c4   0x00000004   Code   RO         2175    i.SWI0_EGU0_IRQHandler  app_timer.o
    0x0001b6c8   0x00000024   Code   RO         2488    i.SWI2_EGU2_IRQHandler  softdevice_handler.o
    0x0001b6ec   0x0000025c   Code   RO         2596    i.SystemInit        system_nrf52.o
    0x0001b948   0x00000014   Code   RO         1456    i.UARTE0_UART0_IRQHandler  nrf_drv_uart.o
    0x0001b95c   0x0000000e   Code   RO         2712    i.__scatterload_copy  mc_w.l(handlers.o)
    0x0001b96a   0x00000002   Code   RO         2713    i.__scatterload_null  mc_w.l(handlers.o)
    0x0001b96c   0x0000000e   Code   RO         2714    i.__scatterload_zeroinit  mc_w.l(handlers.o)
    0x0001b97a   0x00000202   Code   RO          539    i.adv_data_encode   ble_advdata.o
    0x0001bb7c   0x00000036   Code   RO          493    i.advertising_buttons_configure  bsp_btn_ble.o
    0x0001bbb2   0x00000002   PAD
    0x0001bbb4   0x00000088   Code   RO            4    i.advertising_init  main.o
    0x0001bc3c   0x00000020   Code   RO          364    i.alert_timer_handler  bsp.o
    0x0001bc5c   0x00000030   Code   RO         2047    i.app_button_disable  app_button.o
    0x0001bc8c   0x00000024   Code   RO         2048    i.app_button_enable  app_button.o
    0x0001bcb0   0x00000070   Code   RO         2049    i.app_button_init   app_button.o
    0x0001bd20   0x00000024   Code   RO         2109    i.app_error_fault_handler  app_error.o
    0x0001bd44   0x00000014   Code   RO         2111    i.app_error_handler_bare  app_error.o
    0x0001bd58   0x0000000c   Code   RO          836    i.app_evt_notify    device_manager_peripheral.o
    0x0001bd64   0x0000002c   Code   RO         1651    i.app_notify        pstorage.o
    0x0001bd90   0x00000024   Code   RO         1652    i.app_notify_error_state_transit  pstorage.o
    0x0001bdb4   0x00000024   Code   RO         2178    i.app_timer_create  app_timer.o
    0x0001bdd8   0x00000090   Code   RO         2179    i.app_timer_init    app_timer.o
    0x0001be68   0x00000080   Code   RO         2180    i.app_timer_start   app_timer.o
    0x0001bee8   0x00000050   Code   RO         2181    i.app_timer_stop    app_timer.o
    0x0001bf38   0x00000068   Code   RO          540    i.ble_advdata_set   ble_advdata.o
    0x0001bfa0   0x0000011c   Code   RO          621    i.ble_advertising_init  ble_advertising.o
    0x0001c0bc   0x00000080   Code   RO          622    i.ble_advertising_on_ble_evt  ble_advertising.o
    0x0001c13c   0x00000034   Code   RO          623    i.ble_advertising_on_sys_evt  ble_advertising.o
    0x0001c170   0x00000010   Code   RO          625    i.ble_advertising_peer_address_clear  ble_advertising.o
    0x0001c180   0x00000038   Code   RO          626    i.ble_advertising_restart_without_whitelist  ble_advertising.o
    0x0001c1b8   0x000001d8   Code   RO          627    i.ble_advertising_start  ble_advertising.o
    0x0001c390   0x0000002e   Code   RO          288    i.ble_ais_data_send  ble_ais.o
    0x0001c3be   0x00000002   PAD
    0x0001c3c0   0x00000058   Code   RO          289    i.ble_ais_init      ble_ais.o
    0x0001c418   0x00000016   Code   RO          290    i.ble_ais_on_ble_evt  ble_ais.o
    0x0001c42e   0x00000002   PAD
    0x0001c430   0x00000058   Code   RO          715    i.ble_conn_params_init  ble_conn_params.o
    0x0001c488   0x0000008c   Code   RO          716    i.ble_conn_params_on_ble_evt  ble_conn_params.o
    0x0001c514   0x0000005e   Code   RO          541    i.ble_device_addr_encode  ble_advdata.o
    0x0001c572   0x00000002   PAD
    0x0001c574   0x00000078   Code   RO            6    i.ble_evt_dispatch  main.o
    0x0001c5ec   0x0000006c   Code   RO            7    i.ble_stack_init    main.o
    0x0001c658   0x00000048   Code   RO          837    i.bond_data_load    device_manager_peripheral.o
    0x0001c6a0   0x0000004c   Code   RO          494    i.bsp_btn_ble_init  bsp_btn_ble.o
    0x0001c6ec   0x00000070   Code   RO          495    i.bsp_btn_ble_on_ble_evt  bsp_btn_ble.o
    0x0001c75c   0x00000012   Code   RO          496    i.bsp_btn_ble_sleep_mode_prepare  bsp_btn_ble.o
    0x0001c76e   0x00000002   PAD
    0x0001c770   0x000000a8   Code   RO          365    i.bsp_button_event_handler  bsp.o
    0x0001c818   0x0000002c   Code   RO          366    i.bsp_button_is_pressed  bsp.o
    0x0001c844   0x0000003c   Code   RO            8    i.bsp_event_handler  main.o
    0x0001c880   0x00000044   Code   RO          370    i.bsp_event_to_button_action_assign  bsp.o
    0x0001c8c4   0x00000018   Code   RO          371    i.bsp_indication_set  bsp.o
    0x0001c8dc   0x000000a4   Code   RO          373    i.bsp_init          bsp.o
    0x0001c980   0x00000224   Code   RO          374    i.bsp_led_indication  bsp.o
    0x0001cba4   0x0000003c   Code   RO          375    i.bsp_wakeup_buttons_set  bsp.o
    0x0001cbe0   0x00000008   Code   RO          376    i.button_timer_handler  bsp.o
    0x0001cbe8   0x0000001c   Code   RO         1258    i.channel_free      nrf_drv_gpiote.o
    0x0001cc04   0x00000048   Code   RO         1259    i.channel_port_alloc  nrf_drv_gpiote.o
    0x0001cc4c   0x00000010   Code   RO         1260    i.channel_port_get  nrf_drv_gpiote.o
    0x0001cc5c   0x000000fc   Code   RO         1653    i.clear_operation_execute  pstorage.o
    0x0001cd58   0x00000020   Code   RO         1654    i.clear_post_processing_run  pstorage.o
    0x0001cd78   0x00000034   Code   RO         1655    i.cmd_process       pstorage.o
    0x0001cdac   0x00000020   Code   RO         1656    i.cmd_queue_element_init  pstorage.o
    0x0001cdcc   0x00000054   Code   RO         1657    i.cmd_queue_enqueue  pstorage.o
    0x0001ce20   0x00000040   Code   RO         1658    i.command_end_procedure_run  pstorage.o
    0x0001ce60   0x000000ac   Code   RO         2183    i.compare_reg_update  app_timer.o
    0x0001cf0c   0x00000088   Code   RO          542    i.conn_int_encode   ble_advdata.o
    0x0001cf94   0x00000004   Code   RO            9    i.conn_params_error_handler  main.o
    0x0001cf98   0x0000005c   Code   RO          718    i.conn_params_negotiation  ble_conn_params.o
    0x0001cff4   0x0000002c   Code   RO          838    i.connection_instance_find  device_manager_peripheral.o
    0x0001d020   0x00000028   Code   RO          839    i.connection_instance_init  device_manager_peripheral.o
    0x0001d048   0x000000d0   Code   RO          291    i.data_char_add     ble_ais.o
    0x0001d118   0x00000054   Code   RO         1659    i.data_page_erase_state_run  pstorage.o
    0x0001d16c   0x00000050   Code   RO           10    i.data_send         main.o
    0x0001d1bc   0x00000020   Code   RO         1660    i.data_to_swap_write_state_run  pstorage.o
    0x0001d1dc   0x00000060   Code   RO         2051    i.detection_delay_timeout_handler  app_button.o
    0x0001d23c   0x000000c0   Code   RO          840    i.device_context_store  device_manager_peripheral.o
    0x0001d2fc   0x00000048   Code   RO          841    i.device_instance_find  device_manager_peripheral.o
    0x0001d344   0x0000002c   Code   RO          842    i.device_instance_free  device_manager_peripheral.o
    0x0001d370   0x0000000e   Code   RO           11    i.device_manager_evt_handler  main.o
    0x0001d37e   0x00000002   PAD
    0x0001d380   0x0000006c   Code   RO           12    i.device_manager_init  main.o
    0x0001d3ec   0x00000458   Code   RO          847    i.dm_ble_evt_handler  device_manager_peripheral.o
    0x0001d844   0x00000016   Code   RO          853    i.dm_handle_initialize  device_manager_peripheral.o
    0x0001d85a   0x00000002   PAD
    0x0001d85c   0x000000c8   Code   RO          854    i.dm_init           device_manager_peripheral.o
    0x0001d924   0x0000018c   Code   RO          857    i.dm_pstorage_cb_handler  device_manager_peripheral.o
    0x0001dab0   0x00000068   Code   RO          858    i.dm_register       device_manager_peripheral.o
    0x0001db18   0x00000040   Code   RO         2184    i.elapsed_ticks_acquire  app_timer.o
    0x0001db58   0x00000002   Code   RO           13    i.evt_write_handler  main.o
    0x0001db5a   0x00000002   PAD
    0x0001db5c   0x0000001c   Code   RO         1661    i.flash_api_err_code_process  pstorage.o
    0x0001db78   0x0000008c   Code   RO         1662    i.flash_operation_success_run  pstorage.o
    0x0001dc04   0x00000006   Code   RO         1663    i.flash_page_erase  pstorage.o
    0x0001dc0a   0x00000006   Code   RO         1664    i.flash_write       pstorage.o
    0x0001dc10   0x00000004   Code   RO          865    i.gattc_context_apply  device_manager_peripheral.o
    0x0001dc14   0x00000004   Code   RO          866    i.gattc_context_load  device_manager_peripheral.o
    0x0001dc18   0x00000004   Code   RO          867    i.gattc_context_store  device_manager_peripheral.o
    0x0001dc1c   0x000000b0   Code   RO          868    i.gatts_context_apply  device_manager_peripheral.o
    0x0001dccc   0x00000038   Code   RO          869    i.gatts_context_load  device_manager_peripheral.o
    0x0001dd04   0x000000c8   Code   RO          870    i.gatts_context_store  device_manager_peripheral.o
    0x0001ddcc   0x00000004   Code   RO          871    i.gattsc_context_apply  device_manager_peripheral.o
    0x0001ddd0   0x00000004   Code   RO          872    i.gattsc_context_load  device_manager_peripheral.o
    0x0001ddd4   0x00000004   Code   RO          873    i.gattsc_context_store  device_manager_peripheral.o
    0x0001ddd8   0x00000058   Code   RO         2052    i.gpiote_event_handler  app_button.o
    0x0001de30   0x00000078   Code   RO         1665    i.head_restore_state_run  pstorage.o
    0x0001dea8   0x00000070   Code   RO         2489    i.intern_softdevice_events_execute  softdevice_handler.o
    0x0001df18   0x0000001c   Code   RO          719    i.is_conn_params_ok  ble_conn_params.o
    0x0001df34   0x00000044   Code   RO         1666    i.is_page_erase_required  pstorage.o
    0x0001df78   0x0000000c   Code   RO         1667    i.is_word_aligned   pstorage.o
    0x0001df84   0x00000054   Code   RO          543    i.le_role_encode    ble_advdata.o
    0x0001dfd8   0x00000014   Code   RO          377    i.leds_timer_handler  bsp.o
    0x0001dfec   0x000000bc   Code   RO         2185    i.list_deletions_handler  app_timer.o
    0x0001e0a8   0x000000cc   Code   RO         2186    i.list_insertions_handler  app_timer.o
    0x0001e174   0x00000134   Code   RO           14    i.main              main.o
    0x0001e2a8   0x00000014   Code   RO         1668    i.main_state_err_busy_process  pstorage.o
    0x0001e2bc   0x00000064   Code   RO          544    i.manuf_specific_data_encode  ble_advdata.o
    0x0001e320   0x0000009c   Code   RO          545    i.name_encode       ble_advdata.o
    0x0001e3bc   0x00000004   Code   RO          874    i.no_service_context_apply  device_manager_peripheral.o
    0x0001e3c0   0x00000004   Code   RO          875    i.no_service_context_load  device_manager_peripheral.o
    0x0001e3c4   0x00000004   Code   RO          876    i.no_service_context_store  device_manager_peripheral.o
    0x0001e3c8   0x00000038   Code   RO         1219    i.nrf_drv_common_irq_enable  nrf_drv_common.o
    0x0001e400   0x00000048   Code   RO         1262    i.nrf_drv_gpiote_in_event_disable  nrf_drv_gpiote.o
    0x0001e448   0x000000a4   Code   RO         1263    i.nrf_drv_gpiote_in_event_enable  nrf_drv_gpiote.o
    0x0001e4ec   0x000000b8   Code   RO         1264    i.nrf_drv_gpiote_in_init  nrf_drv_gpiote.o
    0x0001e5a4   0x00000014   Code   RO         1265    i.nrf_drv_gpiote_in_is_set  nrf_drv_gpiote.o
    0x0001e5b8   0x00000054   Code   RO         1267    i.nrf_drv_gpiote_init  nrf_drv_gpiote.o
    0x0001e60c   0x00000014   Code   RO         1268    i.nrf_drv_gpiote_is_init  nrf_drv_gpiote.o
    0x0001e620   0x00000022   Code   RO         1280    i.nrf_gpio_cfg      nrf_drv_gpiote.o
    0x0001e642   0x0000001c   Code   RO         1282    i.nrf_gpio_cfg_sense_set  nrf_drv_gpiote.o
    0x0001e65e   0x00000002   PAD
    0x0001e660   0x00000014   Code   RO         1283    i.nrf_gpiote_event_clear  nrf_drv_gpiote.o
    0x0001e674   0x00000010   Code   RO         1284    i.nrf_gpiote_event_is_set  nrf_drv_gpiote.o
    0x0001e684   0x0000000a   Code   RO         1474    i.nrf_uart_event_check  nrf_drv_uart.o
    0x0001e68e   0x0000000c   Code   RO         1475    i.nrf_uart_int_enable_check  nrf_drv_uart.o
    0x0001e69a   0x0000000a   Code   RO         1476    i.nrf_uarte_event_check  nrf_drv_uart.o
    0x0001e6a4   0x00000028   Code   RO           15    i.on_adv_evt        main.o
    0x0001e6cc   0x0000001c   Code   RO           16    i.on_conn_params_evt  main.o
    0x0001e6e8   0x00000014   Code   RO          629    i.peer_address_exists  ble_advertising.o
    0x0001e6fc   0x00000040   Code   RO          877    i.peer_instance_init  device_manager_peripheral.o
    0x0001e73c   0x00000018   Code   RO         1285    i.pin_in_use_by_port  nrf_drv_gpiote.o
    0x0001e754   0x00000018   Code   RO         1286    i.pin_in_use_by_te  nrf_drv_gpiote.o
    0x0001e76c   0x00000024   Code   RO         1669    i.pstorage_access_status_get  pstorage.o
    0x0001e790   0x00000054   Code   RO         1670    i.pstorage_block_identifier_get  pstorage.o
    0x0001e7e4   0x0000009c   Code   RO         1671    i.pstorage_clear    pstorage.o
    0x0001e880   0x0000001e   Code   RO         1672    i.pstorage_flash_page_end  pstorage.o
    0x0001e89e   0x0000000a   Code   RO         1673    i.pstorage_flash_page_size  pstorage.o
    0x0001e8a8   0x00000060   Code   RO         1674    i.pstorage_init     pstorage.o
    0x0001e908   0x000000a8   Code   RO         1675    i.pstorage_load     pstorage.o
    0x0001e9b0   0x000000b4   Code   RO         1676    i.pstorage_register  pstorage.o
    0x0001ea64   0x00000088   Code   RO         1677    i.pstorage_store    pstorage.o
    0x0001eaec   0x00000048   Code   RO         1678    i.pstorage_sys_event_handler  pstorage.o
    0x0001eb34   0x00000088   Code   RO         1679    i.pstorage_update   pstorage.o
    0x0001ebbc   0x0000003c   Code   RO         2187    i.rtc1_stop         app_timer.o
    0x0001ebf8   0x00000030   Code   RO         1478    i.rx_byte           nrf_drv_uart.o
    0x0001ec28   0x00000020   Code   RO         1479    i.rx_done_event     nrf_drv_uart.o
    0x0001ec48   0x00000010   Code   RO         2490    i.sd_check_ram_start  softdevice_handler.o
    0x0001ec58   0x00000088   Code   RO          546    i.service_data_encode  ble_advdata.o
    0x0001ece0   0x00000028   Code   RO           17    i.sleep_mode_enter  main.o
    0x0001ed08   0x0000003c   Code   RO         1680    i.sm_state_change   pstorage.o
    0x0001ed44   0x00000014   Code   RO         2491    i.softdevice_ble_evt_handler_set  softdevice_handler.o
    0x0001ed58   0x00000014   Code   RO         2492    i.softdevice_enable  softdevice_handler.o
    0x0001ed6c   0x00000026   Code   RO         2493    i.softdevice_enable_get_default_config  softdevice_handler.o
    0x0001ed92   0x00000004   Code   RO         2494    i.softdevice_fault_handler  softdevice_handler.o
    0x0001ed96   0x00000002   PAD
    0x0001ed98   0x00000030   Code   RO         2495    i.softdevice_handler_init  softdevice_handler.o
    0x0001edc8   0x00000014   Code   RO         2498    i.softdevice_sys_evt_handler_set  softdevice_handler.o
    0x0001eddc   0x00000068   Code   RO         1681    i.state_data_erase_swap_entry_run  pstorage.o
    0x0001ee44   0x0000000c   Code   RO         1682    i.state_erase_data_page_entry_run  pstorage.o
    0x0001ee50   0x0000002c   Code   RO         1683    i.state_restore_head_entry_run  pstorage.o
    0x0001ee7c   0x00000050   Code   RO         1684    i.state_restore_tail_entry_run  pstorage.o
    0x0001eecc   0x0000001e   Code   RO         1685    i.state_swap_erase_entry_run  pstorage.o
    0x0001eeea   0x00000002   PAD
    0x0001eeec   0x00000030   Code   RO         1686    i.state_write_data_swap_entry_run  pstorage.o
    0x0001ef1c   0x00000004   Code   RO          878    i.storage_operation_dummy_handler  device_manager_peripheral.o
    0x0001ef20   0x0000005c   Code   RO         1687    i.store_cmd_flash_write_execute  pstorage.o
    0x0001ef7c   0x00000018   Code   RO         1688    i.swap_erase_state_run  pstorage.o
    0x0001ef94   0x00000014   Code   RO         1689    i.swap_sub_state_err_busy_process  pstorage.o
    0x0001efa8   0x00000014   Code   RO         1690    i.swap_sub_state_state_change  pstorage.o
    0x0001efbc   0x00000012   Code   RO           18    i.sys_evt_dispatch  main.o
    0x0001efce   0x00000002   PAD
    0x0001efd0   0x00000014   Code   RO         1691    i.tail_restore_state_run  pstorage.o
    0x0001efe4   0x0000008c   Code   RO         2188    i.timer_list_handler  app_timer.o
    0x0001f070   0x0000003c   Code   RO         2189    i.timer_list_insert  app_timer.o
    0x0001f0ac   0x00000084   Code   RO         2190    i.timer_timeouts_check  app_timer.o
    0x0001f130   0x00000024   Code   RO         1481    i.tx_byte           nrf_drv_uart.o
    0x0001f154   0x00000024   Code   RO         1482    i.tx_done_event     nrf_drv_uart.o
    0x0001f178   0x00000108   Code   RO         1483    i.uart_irq_handler  nrf_drv_uart.o
    0x0001f280   0x000000d8   Code   RO         1484    i.uarte_irq_handler  nrf_drv_uart.o
    0x0001f358   0x0000000a   Code   RO          547    i.uint16_encode     ble_advdata.o
    0x0001f362   0x00000002   PAD
    0x0001f364   0x00000014   Code   RO          879    i.update_status_bit_reset  device_manager_peripheral.o
    0x0001f378   0x00000060   Code   RO          720    i.update_timeout_handler  ble_conn_params.o
    0x0001f3d8   0x00000044   Code   RO         2191    i.user_id_get       app_timer.o
    0x0001f41c   0x00000028   Code   RO         2192    i.user_op_alloc     app_timer.o
    0x0001f444   0x00000030   Code   RO          548    i.uuid_list_encode  ble_advdata.o
    0x0001f474   0x0000009e   Code   RO          549    i.uuid_list_sized_encode  ble_advdata.o
    0x0001f512   0x0000000e   Code   RO          630    i.whitelist_has_entries  ble_advertising.o
    0x0001f520   0x00000004   Data   RO           20    .constdata          main.o
    0x0001f524   0x00000010   Data   RO          292    .constdata          ble_ais.o
    0x0001f534   0x0000003c   Data   RO          382    .constdata          bsp.o
    0x0001f570   0x00000004   Data   RO          723    .constdata          ble_conn_params.o
    0x0001f574   0x00000034   Data   RO          881    .constdata          device_manager_peripheral.o
    0x0001f5a8   0x00000028   Data   RO         1693    .constdata          pstorage.o
    0x0001f5d0   0x00000008   Data   RO         2054    .constdata          app_button.o
    0x0001f5d8   0x00000020   Data   RO         2710    Region$$Table       anon$$obj.o


    Execution Region RW_IRAM1 (Base: 0x20001f00, Size: 0x000027a0, Max: 0x00006100, ABSOLUTE)

    Base Addr    Size         Type   Attr      Idx    E Section Name        Object

    0x20001f00   0x00000028   Data   RW           21    .data               main.o
    0x20001f28   0x00000018   Data   RW          383    .data               bsp.o
    0x20001f40   0x00000008   Data   RW          497    .data               bsp_btn_ble.o
    0x20001f48   0x0000001f   Data   RW          632    .data               ble_advertising.o
    0x20001f67   0x00000001   PAD
    0x20001f68   0x00000014   Data   RW          724    .data               ble_conn_params.o
    0x20001f7c   0x00000018   Data   RW          882    .data               device_manager_peripheral.o
    0x20001f94   0x00000024   Data   RW         1694    .data               pstorage.o
    0x20001fb8   0x00000014   Data   RW         2055    .data               app_button.o
    0x20001fcc   0x00000020   Data   RW         2193    .data               app_timer.o
    0x20001fec   0x00000014   Data   RW         2499    .data               softdevice_handler.o
    0x20002000   0x00000004   Data   RW         2597    .data               system_nrf52.o
    0x20002004   0x00000224   Zero   RW           19    .bss                main.o
    0x20002228   0x00000020   Zero   RW          378    .bss                bsp.o
    0x20002248   0x00000020   Zero   RW          379    .bss                bsp.o
    0x20002268   0x0000000c   Zero   RW          380    .bss                bsp.o
    0x20002274   0x00000020   Zero   RW          381    .bss                bsp.o
    0x20002294   0x00000103   Zero   RW          631    .bss                ble_advertising.o
    0x20002397   0x00000001   PAD
    0x20002398   0x00000020   Zero   RW          721    .bss                ble_conn_params.o
    0x200023b8   0x0000001c   Zero   RW          722    .bss                ble_conn_params.o
    0x200023d4   0x0000014f   Zero   RW          880    .bss                device_manager_peripheral.o
    0x20002523   0x00000001   PAD
    0x20002524   0x00000058   Zero   RW         1287    .bss                nrf_drv_gpiote.o
    0x2000257c   0x00000020   Zero   RW         1485    .bss                nrf_drv_uart.o
    0x2000259c   0x000000e4   Zero   RW         1692    .bss                pstorage.o
    0x20002680   0x00000020   Zero   RW         2053    .bss                app_button.o
    0x200026a0   0x00002000   Zero   RW         2585    STACK               arm_startup_nrf52.o


==============================================================================

Image component sizes


      Code (inc. data)   RO Data    RW Data    ZI Data      Debug   Object Name

       380         44          8         20         32      10539   app_button.o
        56         10          0          0          0      29446   app_error.o
      1772        100          0         32          0      50691   app_timer.o
        36         10       1024          0       8192        868   arm_startup_nrf52.o
      1540          0          0          0          0      19412   ble_advdata.o
      1042         44          0         31        259      16293   ble_advertising.o
       364          4         16          0          0      38452   ble_ais.o
       444         56          4         20         60      13208   ble_conn_params.o
      1136        108         60         24        108      20577   bsp.o
       260         10          0          8          0       5237   bsp_btn_ble.o
      2866        160         52         24        335      32613   device_manager_peripheral.o
      1066        110          4         40        548     107327   main.o
        56          0          0          0          0      28823   nrf_drv_common.o
      1066         98          0          0         88      24590   nrf_drv_gpiote.o
       684         56          0          0         32      20730   nrf_drv_uart.o
      2770        240         40         36        228      39450   pstorage.o
       314         44          0         20          0      14785   softdevice_handler.o
       604         42          0          4          0       2447   system_nrf52.o

    ----------------------------------------------------------------------
     16486       1136       1240        260       9884     475488   Object Totals
         0          0         32          0          0          0   (incl. Generated)
        30          0          0          1          2          0   (incl. Padding)

    ----------------------------------------------------------------------

      Code (inc. data)   RO Data    RW Data    ZI Data      Debug   Library Member Name

         0          0          0          0          0          0   entry.o
         0          0          0          0          0          0   entry10a.o
         0          0          0          0          0          0   entry11a.o
         8          4          0          0          0          0   entry2.o
         4          0          0          0          0          0   entry5.o
         0          0          0          0          0          0   entry7b.o
         0          0          0          0          0          0   entry8b.o
         8          4          0          0          0          0   entry9a.o
        30          0          0          0          0          0   handlers.o
        36          8          0          0          0         68   init.o
        26          0          0          0          0         80   memcmp.o
        36          0          0          0          0         68   memcpya.o
        36          0          0          0          0        108   memseta.o

    ----------------------------------------------------------------------
       186         16          0          0          0        324   Library Totals
         2          0          0          0          0          0   (incl. Padding)

    ----------------------------------------------------------------------

      Code (inc. data)   RO Data    RW Data    ZI Data      Debug   Library Name

       184         16          0          0          0        324   mc_w.l

    ----------------------------------------------------------------------
       186         16          0          0          0        324   Library Totals

    ----------------------------------------------------------------------

==============================================================================


      Code (inc. data)   RO Data    RW Data    ZI Data      Debug   

     16672       1152       1240        260       9884     457612   Grand Totals
     16672       1152       1240        260       9884     457612   ELF Image Totals
     16672       1152       1240        260          0          0   ROM Totals

==============================================================================

    Total RO  Size (Code + RO Data)                17912 (  17.49kB)
    Total RW  Size (RW Data + ZI Data)             10144 (   9.91kB)
    Total ROM Size (Code + RO Data + RW Data)      18172 (  17.75kB)

==============================================================================

